Component: ARM Compiler 5.06 update 6 (build 750) Tool: armlink [4d35ed]

==============================================================================

Section Cross References

    startup_stm32f103xe.o(RESET) refers to startup_stm32f103xe.o(STACK) for __initial_sp
    startup_stm32f103xe.o(RESET) refers to startup_stm32f103xe.o(.text) for Reset_Handler
    startup_stm32f103xe.o(RESET) refers to stm32f1xx_it.o(i.NMI_Handler) for NMI_Handler
    startup_stm32f103xe.o(RESET) refers to stm32f1xx_it.o(i.HardFault_Handler) for HardFault_Handler
    startup_stm32f103xe.o(RESET) refers to stm32f1xx_it.o(i.MemManage_Handler) for MemManage_Handler
    startup_stm32f103xe.o(RESET) refers to stm32f1xx_it.o(i.BusFault_Handler) for BusFault_Handler
    startup_stm32f103xe.o(RESET) refers to stm32f1xx_it.o(i.UsageFault_Handler) for UsageFault_Handler
    startup_stm32f103xe.o(RESET) refers to stm32f1xx_it.o(i.SVC_Handler) for SVC_Handler
    startup_stm32f103xe.o(RESET) refers to stm32f1xx_it.o(i.DebugMon_Handler) for DebugMon_Handler
    startup_stm32f103xe.o(RESET) refers to stm32f1xx_it.o(i.PendSV_Handler) for PendSV_Handler
    startup_stm32f103xe.o(RESET) refers to stm32f1xx_it.o(i.SysTick_Handler) for SysTick_Handler
    startup_stm32f103xe.o(RESET) refers to stm32f1xx_it.o(i.SDIO_IRQHandler) for SDIO_IRQHandler
    startup_stm32f103xe.o(RESET) refers to stm32f1xx_it.o(i.DMA2_Channel3_IRQHandler) for DMA2_Channel3_IRQHandler
    startup_stm32f103xe.o(.text) refers to system_stm32f1xx.o(i.SystemInit) for SystemInit
    startup_stm32f103xe.o(.text) refers to entry.o(.ARM.Collect$$$$00000000) for __main
    main.o(i.HAL_DAC_ConvCpltCallbackCh1) refers to main.o(.bss) for .bss
    main.o(i.HAL_DAC_ConvCpltCallbackCh1) refers to main.o(.data) for .data
    main.o(i.HAL_DAC_ConvHalfCpltCallbackCh1) refers to main.o(.bss) for .bss
    main.o(i.HAL_DAC_ConvHalfCpltCallbackCh1) refers to main.o(.data) for .data
    main.o(i.MX_GPIO_Init) refers to stm32f1xx_hal_gpio.o(i.HAL_GPIO_WritePin) for HAL_GPIO_WritePin
    main.o(i.MX_GPIO_Init) refers to stm32f1xx_hal_gpio.o(i.HAL_GPIO_Init) for HAL_GPIO_Init
    main.o(i.Process_Data) refers to ff.o(i.f_lseek) for f_lseek
    main.o(i.Process_Data) refers to ff.o(i.f_read) for f_read
    main.o(i.Process_Data) refers to main.o(.data) for .data
    main.o(i.Process_Data) refers to main.o(.bss) for .bss
    main.o(i.SystemClock_Config) refers to memseta.o(.text) for __aeabi_memclr4
    main.o(i.SystemClock_Config) refers to stm32f1xx_hal_rcc.o(i.HAL_RCC_OscConfig) for HAL_RCC_OscConfig
    main.o(i.SystemClock_Config) refers to stm32f1xx_hal_rcc.o(i.HAL_RCC_ClockConfig) for HAL_RCC_ClockConfig
    main.o(i.fputc) refers to stm32f1xx_hal_uart.o(i.HAL_UART_Transmit) for HAL_UART_Transmit
    main.o(i.fputc) refers to main.o(.bss) for .bss
    main.o(i.main) refers to stm32f1xx_hal.o(i.HAL_Init) for HAL_Init
    main.o(i.main) refers to main.o(i.SystemClock_Config) for SystemClock_Config
    main.o(i.main) refers to main.o(i.MX_GPIO_Init) for MX_GPIO_Init
    main.o(i.main) refers to stm32f1xx_hal_cortex.o(i.HAL_NVIC_SetPriority) for HAL_NVIC_SetPriority
    main.o(i.main) refers to stm32f1xx_hal_cortex.o(i.HAL_NVIC_EnableIRQ) for HAL_NVIC_EnableIRQ
    main.o(i.main) refers to fatfs.o(i.MX_FATFS_Init) for MX_FATFS_Init
    main.o(i.main) refers to stm32f1xx_hal_uart.o(i.HAL_UART_Init) for HAL_UART_Init
    main.o(i.main) refers to stm32f1xx_hal_dac.o(i.HAL_DAC_Init) for HAL_DAC_Init
    main.o(i.main) refers to stm32f1xx_hal_dac.o(i.HAL_DAC_ConfigChannel) for HAL_DAC_ConfigChannel
    main.o(i.main) refers to stm32f1xx_hal_tim.o(i.HAL_TIM_Base_Init) for HAL_TIM_Base_Init
    main.o(i.main) refers to stm32f1xx_hal_tim_ex.o(i.HAL_TIMEx_MasterConfigSynchronization) for HAL_TIMEx_MasterConfigSynchronization
    main.o(i.main) refers to stm32f1xx_hal_tim.o(i.HAL_TIM_Base_Start) for HAL_TIM_Base_Start
    main.o(i.main) refers to ff.o(i.f_mount) for f_mount
    main.o(i.main) refers to printf3.o(i.__0printf$3) for __2printf
    main.o(i.main) refers to ff.o(i.f_open) for f_open
    main.o(i.main) refers to ff.o(i.f_lseek) for f_lseek
    main.o(i.main) refers to ff.o(i.f_read) for f_read
    main.o(i.main) refers to stm32f1xx_hal_dac.o(i.HAL_DAC_Start_DMA) for HAL_DAC_Start_DMA
    main.o(i.main) refers to stm32f1xx_hal_dac.o(i.HAL_DAC_Stop_DMA) for HAL_DAC_Stop_DMA
    main.o(i.main) refers to main.o(i.Process_Data) for Process_Data
    main.o(i.main) refers to main.o(.bss) for .bss
    main.o(i.main) refers to main.o(.data) for .data
    bsp_driver_sd.o(i.BSP_SD_DMA_Rx_IRQHandler) refers to stm32f1xx_hal_dma.o(i.HAL_DMA_IRQHandler) for HAL_DMA_IRQHandler
    bsp_driver_sd.o(i.BSP_SD_DMA_Rx_IRQHandler) refers to main.o(.bss) for hsd
    bsp_driver_sd.o(i.BSP_SD_DMA_Tx_IRQHandler) refers to stm32f1xx_hal_dma.o(i.HAL_DMA_IRQHandler) for HAL_DMA_IRQHandler
    bsp_driver_sd.o(i.BSP_SD_DMA_Tx_IRQHandler) refers to main.o(.bss) for hsd
[...]
    ../clib/microlib/init/entry.s            0x00000000   Number         0  entry8b.o ABSOLUTE
    ../clib/microlib/init/entry.s            0x00000000   Number         0  entry8a.o ABSOLUTE
    ../clib/microlib/init/entry.s            0x00000000   Number         0  entry7b.o ABSOLUTE
    ../clib/microlib/init/entry.s            0x00000000   Number         0  entry7a.o ABSOLUTE
    ../clib/microlib/init/entry.s            0x00000000   Number         0  entry5.o ABSOLUTE
    ../clib/microlib/init/entry.s            0x00000000   Number         0  entry2.o ABSOLUTE
    ../clib/microlib/init/entry.s            0x00000000   Number         0  entry10b.o ABSOLUTE
    ../clib/microlib/init/entry.s            0x00000000   Number         0  entry.o ABSOLUTE
    ../clib/microlib/init/entry.s            0x00000000   Number         0  entry11a.o ABSOLUTE
    ../clib/microlib/init/entry.s            0x00000000   Number         0  entry10a.o ABSOLUTE
    ../clib/microlib/longlong.c              0x00000000   Number         0  llshl.o ABSOLUTE
    ../clib/microlib/longlong.c              0x00000000   Number         0  llsshr.o ABSOLUTE
    ../clib/microlib/longlong.c              0x00000000   Number         0  llushr.o ABSOLUTE
    ../clib/microlib/printf/printf.c         0x00000000   Number         0  printf4.o ABSOLUTE
    ../clib/microlib/printf/printf.c         0x00000000   Number         0  printf3.o ABSOLUTE
    ../clib/microlib/printf/printf.c         0x00000000   Number         0  printf2.o ABSOLUTE
    ../clib/microlib/printf/printf.c         0x00000000   Number         0  printf8.o ABSOLUTE
    ../clib/microlib/printf/printf.c         0x00000000   Number         0  printf0.o ABSOLUTE
    ../clib/microlib/printf/printf.c         0x00000000   Number         0  printfb.o ABSOLUTE
    ../clib/microlib/printf/printf.c         0x00000000   Number         0  printf1.o ABSOLUTE
    ../clib/microlib/printf/printf.c         0x00000000   Number         0  printf5.o ABSOLUTE
    ../clib/microlib/printf/printf.c         0x00000000   Number         0  printfa.o ABSOLUTE
    ../clib/microlib/printf/printf.c         0x00000000   Number         0  printf7.o ABSOLUTE
    ../clib/microlib/printf/printf.c         0x00000000   Number         0  printf6.o ABSOLUTE
    ../clib/microlib/printf/stubs.s          0x00000000   Number         0  stubs.o ABSOLUTE
    ../clib/microlib/stdio/streams.c         0x00000000   Number         0  stdout.o ABSOLUTE
    ../clib/microlib/string/memset.c         0x00000000   Number         0  memseta.o ABSOLUTE
    ../clib/microlib/stubs.s                 0x00000000   Number         0  iusefp.o ABSOLUTE
    ../fplib/microlib/fpadd.c                0x00000000   Number         0  dadd.o ABSOLUTE
    ../fplib/microlib/fpdiv.c                0x00000000   Number         0  ddiv.o ABSOLUTE
    ../fplib/microlib/fpepilogue.c           0x00000000   Number         0  depilogue.o ABSOLUTE
    ../fplib/microlib/fpfix.c                0x00000000   Number         0  dfixul.o ABSOLUTE
    ../fplib/microlib/fpmul.c                0x00000000   Number         0  dmul.o ABSOLUTE
    ..\Drivers\STM32F1xx_HAL_Driver\Src\stm32f1xx_hal.c 0x00000000   Number         0  stm32f1xx_hal.o ABSOLUTE
    ..\Drivers\STM32F1xx_HAL_Driver\Src\stm32f1xx_hal_cortex.c 0x00000000   Number         0  stm32f1xx_hal_cortex.o ABSOLUTE
    ..\Drivers\STM32F1xx_HAL_Driver\Src\stm32f1xx_hal_dac.c 0x00000000   Number         0  stm32f1xx_hal_dac.o ABSOLUTE
    ..\Drivers\STM32F1xx_HAL_Driver\Src\stm32f1xx_hal_dac_ex.c 0x00000000   Number         0  stm32f1xx_hal_dac_ex.o ABSOLUTE
    ..\Drivers\STM32F1xx_HAL_Driver\Src\stm32f1xx_hal_dma.c 0x00000000   Number         0  stm32f1xx_hal_dma.o ABSOLUTE
    ..\Drivers\STM32F1xx_HAL_Driver\Src\stm32f1xx_hal_flash.c 0x00000000   Number         0  stm32f1xx_hal_flash.o ABSOLUTE
    ..\Drivers\STM32F1xx_HAL_Driver\Src\stm32f1xx_hal_flash_ex.c 0x00000000   Number         0  stm32f1xx_hal_flash_ex.o ABSOLUTE
    ..\Drivers\STM32F1xx_HAL_Driver\Src\stm32f1xx_hal_gpio.c 0x00000000   Number         0  stm32f1xx_hal_gpio.o ABSOLUTE
    ..\Drivers\STM32F1xx_HAL_Driver\Src\stm32f1xx_hal_gpio_ex.c 0x00000000   Number         0  stm32f1xx_hal_gpio_ex.o ABSOLUTE
    ..\Drivers\STM32F1xx_HAL_Driver\Src\stm32f1xx_hal_pwr.c 0x00000000   Number         0  stm32f1xx_hal_pwr.o ABSOLUTE
    ..\Drivers\STM32F1xx_HAL_Driver\Src\stm32f1xx_hal_rcc.c 0x00000000   Number         0  stm32f1xx_hal_rcc.o ABSOLUTE
    ..\Drivers\STM32F1xx_HAL_Driver\Src\stm32f1xx_hal_rcc_ex.c 0x00000000   Number         0  stm32f1xx_hal_rcc_ex.o ABSOLUTE
    ..\Drivers\STM32F1xx_HAL_Driver\Src\stm32f1xx_hal_sd.c 0x00000000   Number         0  stm32f1xx_hal_sd.o ABSOLUTE
    ..\Drivers\STM32F1xx_HAL_Driver\Src\stm32f1xx_hal_tim.c 0x00000000   Number         0  stm32f1xx_hal_tim.o ABSOLUTE
    ..\Drivers\STM32F1xx_HAL_Driver\Src\stm32f1xx_hal_tim_ex.c 0x00000000   Number         0  stm32f1xx_hal_tim_ex.o ABSOLUTE
    ..\Drivers\STM32F1xx_HAL_Driver\Src\stm32f1xx_hal_uart.c 0x00000000   Number         0  stm32f1xx_hal_uart.o ABSOLUTE
    ..\Drivers\STM32F1xx_HAL_Driver\Src\stm32f1xx_ll_sdmmc.c 0x00000000   Number         0  stm32f1xx_ll_sdmmc.o ABSOLUTE
    ..\Middlewares\Third_Party\FatFs\src\diskio.c 0x00000000   Number         0  diskio.o ABSOLUTE
    ..\Middlewares\Third_Party\FatFs\src\drivers\sd_diskio.c 0x00000000   Number         0  sd_diskio.o ABSOLUTE
    ..\Middlewares\Third_Party\FatFs\src\ff.c 0x00000000   Number         0  ff.o ABSOLUTE
    ..\Middlewares\Third_Party\FatFs\src\ff_gen_drv.c 0x00000000   Number         0  ff_gen_drv.o ABSOLUTE
    ..\Middlewares\Third_Party\FatFs\src\option\ccsbcs.c 0x00000000   Number         0  ccsbcs.o ABSOLUTE
    ..\Middlewares\Third_Party\FatFs\src\option\syscall.c 0x00000000   Number         0  syscall.o ABSOLUTE
    ..\Src\bsp_driver_sd.c                   0x00000000   Number         0  bsp_driver_sd.o ABSOLUTE
    ..\Src\fatfs.c                           0x00000000   Number         0  fatfs.o ABSOLUTE
    ..\Src\main.c                            0x00000000   Number         0  main.o ABSOLUTE
    ..\Src\stm32f1xx_hal_msp.c               0x00000000   Number         0  stm32f1xx_hal_msp.o ABSOLUTE
    ..\Src\stm32f1xx_it.c                    0x00000000   Number         0  stm32f1xx_it.o ABSOLUTE
    ..\Src\system_stm32f1xx.c                0x00000000   Number         0  system_stm32f1xx.o ABSOLUTE
    cdrcmple.s                               0x00000000   Number         0  cdrcmple.o ABSOLUTE
    dc.s                                     0x00000000   Number         0  dc.o ABSOLUTE
    handlers.s                               0x00000000   Number         0  handlers.o ABSOLUTE
    init.s                                   0x00000000   Number         0  init.o ABSOLUTE
    startup_stm32f103xe.s                    0x00000000   Number         0  startup_stm32f103xe.o ABSOLUTE
    RESET                                    0x08000000   Section      304  startup_stm32f103xe.o(RESET)
    .ARM.Collect$$$$00000000                 0x08000130   Section        0  entry.o(.ARM.Collect$$$$00000000)
    .ARM.Collect$$$$00000001                 0x08000130   Section        4  entry2.o(.ARM.Collect$$$$00000001)
    .ARM.Collect$$$$00000004                 0x08000134   Section        4  entry5.o(.ARM.Collect$$$$00000004)
    .ARM.Collect$$$$00000008                 0x08000138   Section        0  entry7b.o(.ARM.Collect$$$$00000008)
    .ARM.Collect$$$$0000000A                 0x08000138   Section        0  entry8b.o(.ARM.Collect$$$$0000000A)
    .ARM.Collect$$$$0000000B                 0x08000138   Section        8  entry9a.o(.ARM.Collect$$$$0000000B)
    .ARM.Collect$$$$0000000D                 0x08000140   Section        0  entry10a.o(.ARM.Collect$$$$0000000D)
    .ARM.Collect$$$$0000000F                 0x08000140   Section        0  entry11a.o(.ARM.Collect$$$$0000000F)
    .ARM.Collect$$$$00002712                 0x08000140   Section        4  entry2.o(.ARM.Collect$$$$00002712)
    __lit__00000000                          0x08000140   Data           4  entry2.o(.ARM.Collect$$$$00002712)
    .text                                    0x08000144   Section       36  startup_stm32f103xe.o(.text)
    .text                                    0x08000168   Section        0  memseta.o(.text)
    .text                                    0x0800018c   Section        0  uidiv.o(.text)
    .text                                    0x080001b8   Section       36  init.o(.text)
    i.BSP_SD_AbortCallback                   0x080001dc   Section        0  bsp_driver_sd.o(i.BSP_SD_AbortCallback)
    i.BSP_SD_GetCardInfo                     0x080001e0   Section        0  bsp_driver_sd.o(i.BSP_SD_GetCardInfo)
    i.BSP_SD_GetCardState                    0x080001ec   Section        0  bsp_driver_sd.o(i.BSP_SD_GetCardState)
    i.BSP_SD_Init                            0x08000204   Section        0  bsp_driver_sd.o(i.BSP_SD_Init)
    i.BSP_SD_ReadBlocks                      0x08000228   Section        0  bsp_driver_sd.o(i.BSP_SD_ReadBlocks)
    i.BSP_SD_ReadCpltCallback                0x08000248   Section        0  bsp_driver_sd.o(i.BSP_SD_ReadCpltCallback)
    i.BSP_SD_WriteBlocks                     0x0800024c   Section        0  bsp_driver_sd.o(i.BSP_SD_WriteBlocks)
    i.BSP_SD_WriteCpltCallback               0x0800026c   Section        0  bsp_driver_sd.o(i.BSP_SD_WriteCpltCallback)
    i.BusFault_Handler                       0x0800026e   Section        0  stm32f1xx_it.o(i.BusFault_Handler)
    i.DAC_DMAConvCpltCh1                     0x08000270   Section        0  stm32f1xx_hal_dac.o(i.DAC_DMAConvCpltCh1)
    i.DAC_DMAConvCpltCh2                     0x08000280   Section        0  stm32f1xx_hal_dac_ex.o(i.DAC_DMAConvCpltCh2)
    i.DAC_DMAErrorCh1                        0x08000290   Section        0  stm32f1xx_hal_dac.o(i.DAC_DMAErrorCh1)
    i.DAC_DMAErrorCh2                        0x080002a8   Section        0  stm32f1xx_hal_dac_ex.o(i.DAC_DMAErrorCh2)
    i.DAC_DMAHalfConvCpltCh1                 0x080002c0   Section        0  stm32f1xx_hal_dac.o(i.DAC_DMAHalfConvCpltCh1)
    i.DAC_DMAHalfConvCpltCh2                 0x080002ca   Section        0  stm32f1xx_hal_dac_ex.o(i.DAC_DMAHalfConvCpltCh2)
    i.DMA2_Channel3_IRQHandler               0x080002d4   Section        0  stm32f1xx_it.o(i.DMA2_Channel3_IRQHandler)
    i.DMA_SetConfig                          0x080002e0   Section        0  stm32f1xx_hal_dma.o(i.DMA_SetConfig)
    DMA_SetConfig                            0x080002e1   Thumb Code    42  stm32f1xx_hal_dma.o(i.DMA_SetConfig)
    i.DebugMon_Handler                       0x0800030a   Section        0  stm32f1xx_it.o(i.DebugMon_Handler)
    i.Error_Handler                          0x0800030c   Section        0  main.o(i.Error_Handler)
    i.FATFS_LinkDriver                       0x0800030e   Section        0  ff_gen_drv.o(i.FATFS_LinkDriver)
    i.FATFS_LinkDriverEx                     0x08000314   Section        0  ff_gen_drv.o(i.FATFS_LinkDriverEx)
    i.HAL_DACEx_ConvCpltCallbackCh2          0x08000354   Section        0  stm32f1xx_hal_dac_ex.o(i.HAL_DACEx_ConvCpltCallbackCh2)
    i.HAL_DACEx_ConvHalfCpltCallbackCh2      0x08000356   Section        0  stm32f1xx_hal_dac_ex.o(i.HAL_DACEx_ConvHalfCpltCallbackCh2)
    i.HAL_DACEx_ErrorCallbackCh2             0x08000358   Section        0  stm32f1xx_hal_dac_ex.o(i.HAL_DACEx_ErrorCallbackCh2)
    i.HAL_DAC_ConfigChannel                  0x0800035a   Section        0  stm32f1xx_hal_dac.o(i.HAL_DAC_ConfigChannel)
    i.HAL_DAC_ConvCpltCallbackCh1            0x0800039c   Section        0  main.o(i.HAL_DAC_ConvCpltCallbackCh1)
    i.HAL_DAC_ConvHalfCpltCallbackCh1        0x080003c0   Section        0  main.o(i.HAL_DAC_ConvHalfCpltCallbackCh1)
    i.HAL_DAC_ErrorCallbackCh1               0x080003e4   Section        0  stm32f1xx_hal_dac.o(i.HAL_DAC_ErrorCallbackCh1)
    i.HAL_DAC_Init                           0x080003e6   Section        0  stm32f1xx_hal_dac.o(i.HAL_DAC_Init)
    i.HAL_DAC_MspInit                        0x08000410   Section        0  stm32f1xx_hal_msp.o(i.HAL_DAC_MspInit)
    i.HAL_DAC_Start_DMA                      0x0800049c   Section        0  stm32f1xx_hal_dac.o(i.HAL_DAC_Start_DMA)
    i.HAL_DAC_Stop_DMA                       0x08000588   Section        0  stm32f1xx_hal_dac.o(i.HAL_DAC_Stop_DMA)
    i.HAL_DMA_Abort                          0x080005c0   Section        0  stm32f1xx_hal_dma.o(i.HAL_DMA_Abort)
    i.HAL_DMA_Abort_IT                       0x080005f0   Section        0  stm32f1xx_hal_dma.o(i.HAL_DMA_Abort_IT)
    i.HAL_DMA_IRQHandler                     0x08000720   Section        0  stm32f1xx_hal_dma.o(i.HAL_DMA_IRQHandler)
    i.HAL_DMA_Init                           0x08000968   Section        0  stm32f1xx_hal_dma.o(i.HAL_DMA_Init)
    i.HAL_DMA_Start_IT                       0x080009e4   Section        0  stm32f1xx_hal_dma.o(i.HAL_DMA_Start_IT)
    i.HAL_Delay                              0x08000a54   Section        0  stm32f1xx_hal.o(i.HAL_Delay)
    i.HAL_GPIO_Init                          0x08000a78   Section        0  stm32f1xx_hal_gpio.o(i.HAL_GPIO_Init)
    i.HAL_GPIO_WritePin                      0x08000c60   Section        0  stm32f1xx_hal_gpio.o(i.HAL_GPIO_WritePin)
    i.HAL_GetTick                            0x08000c6c   Section        0  stm32f1xx_hal.o(i.HAL_GetTick)
    i.HAL_IncTick                            0x08000c78   Section        0  stm32f1xx_hal.o(i.HAL_IncTick)
    i.HAL_Init                               0x08000c88   Section        0  stm32f1xx_hal.o(i.HAL_Init)
    i.HAL_InitTick                           0x08000cac   Section        0  stm32f1xx_hal.o(i.HAL_InitTick)
    i.HAL_MspInit                            0x08000cec   Section        0  stm32f1xx_hal_msp.o(i.HAL_MspInit)
    i.HAL_NVIC_EnableIRQ                     0x08000d28   Section        0  stm32f1xx_hal_cortex.o(i.HAL_NVIC_EnableIRQ)
    i.HAL_NVIC_SetPriority                   0x08000d40   Section        0  stm32f1xx_hal_cortex.o(i.HAL_NVIC_SetPriority)
    i.HAL_NVIC_SetPriorityGrouping           0x08000d80   Section        0  stm32f1xx_hal_cortex.o(i.HAL_NVIC_SetPriorityGrouping)
    i.HAL_RCC_ClockConfig                    0x08000da4   Section        0  stm32f1xx_hal_rcc.o(i.HAL_RCC_ClockConfig)
    i.HAL_RCC_GetPCLK1Freq                   0x08000f10   Section        0  stm32f1xx_hal_rcc.o(i.HAL_RCC_GetPCLK1Freq)
    i.HAL_RCC_GetPCLK2Freq                   0x08000f30   Section        0  stm32f1xx_hal_rcc.o(i.HAL_RCC_GetPCLK2Freq)
    i.HAL_RCC_GetSysClockFreq                0x08000f50   Section        0  stm32f1xx_hal_rcc.o(i.HAL_RCC_GetSysClockFreq)
    i.HAL_RCC_OscConfig                      0x08000fbc   Section        0  stm32f1xx_hal_rcc.o(i.HAL_RCC_OscConfig)
    i.HAL_SD_AbortCallback                   0x080012c0   Section        0  bsp_driver_sd.o(i.HAL_SD_AbortCallback)
    i.HAL_SD_ErrorCallback                   0x080012c8   Section        0  stm32f1xx_hal_sd.o(i.HAL_SD_ErrorCallback)
    i.HAL_SD_GetCardCSD                      0x080012ca   Section        0  stm32f1xx_hal_sd.o(i.HAL_SD_GetCardCSD)
    i.HAL_SD_GetCardInfo                     0x080014a4   Section        0  stm32f1xx_hal_sd.o(i.HAL_SD_GetCardInfo)
    i.HAL_SD_GetCardState                    0x080014c8   Section        0  stm32f1xx_hal_sd.o(i.HAL_SD_GetCardState)
    i.HAL_SD_IRQHandler                      0x080014f4   Section        0  stm32f1xx_hal_sd.o(i.HAL_SD_IRQHandler)
    i.HAL_SD_Init                            0x080016b4   Section        0  stm32f1xx_hal_sd.o(i.HAL_SD_Init)
    i.HAL_SD_InitCard                        0x080016ec   Section        0  stm32f1xx_hal_sd.o(i.HAL_SD_InitCard)
    i.HAL_SD_MspInit                         0x08001740   Section        0  stm32f1xx_hal_msp.o(i.HAL_SD_MspInit)
    i.HAL_SD_ReadBlocks                      0x080017d4   Section        0  stm32f1xx_hal_sd.o(i.HAL_SD_ReadBlocks)
    i.HAL_SD_RxCpltCallback                  0x08001986   Section        0  bsp_driver_sd.o(i.HAL_SD_RxCpltCallback)
    i.HAL_SD_TxCpltCallback                  0x0800198e   Section        0  bsp_driver_sd.o(i.HAL_SD_TxCpltCallback)
    i.HAL_SD_WriteBlocks                     0x08001998   Section        0  stm32f1xx_hal_sd.o(i.HAL_SD_WriteBlocks)
    i.HAL_SYSTICK_Config                     0x08001b32   Section        0  stm32f1xx_hal_cortex.o(i.HAL_SYSTICK_Config)
    i.HAL_TIMEx_MasterConfigSynchronization  0x08001b5a   Section        0  stm32f1xx_hal_tim_ex.o(i.HAL_TIMEx_MasterConfigSynchronization)
    i.HAL_TIM_Base_Init                      0x08001baa   Section        0  stm32f1xx_hal_tim.o(i.HAL_TIM_Base_Init)
    i.HAL_TIM_Base_MspInit                   0x08001be0   Section        0  stm32f1xx_hal_msp.o(i.HAL_TIM_Base_MspInit)
    i.HAL_TIM_Base_Start                     0x08001c08   Section        0  stm32f1xx_hal_tim.o(i.HAL_TIM_Base_Start)
    i.HAL_UART_Init                          0x08001c22   Section        0  stm32f1xx_hal_uart.o(i.HAL_UART_Init)
    i.HAL_UART_MspInit                       0x08001c84   Section        0  stm32f1xx_hal_msp.o(i.HAL_UART_MspInit)
    i.HAL_UART_Transmit                      0x08001cf4   Section        0  stm32f1xx_hal_uart.o(i.HAL_UART_Transmit)
    i.HardFault_Handler                      0x08001dae   Section        0  stm32f1xx_it.o(i.HardFault_Handler)
    i.MX_FATFS_Init                          0x08001db0   Section        0  fatfs.o(i.MX_FATFS_Init)
    i.MX_GPIO_Init                           0x08001dcc   Section        0  main.o(i.MX_GPIO_Init)
    MX_GPIO_Init                             0x08001dcd   Thumb Code   104  main.o(i.MX_GPIO_Init)
    i.MemManage_Handler                      0x08001e3c   Section        0  stm32f1xx_it.o(i.MemManage_Handler)
    i.NMI_Handler                            0x08001e3e   Section        0  stm32f1xx_it.o(i.NMI_Handler)
    i.NVIC_SetPriority                       0x08001e40   Section        0  stm32f1xx_hal_cortex.o(i.NVIC_SetPriority)
    NVIC_SetPriority                         0x08001e41   Thumb Code    32  stm32f1xx_hal_cortex.o(i.NVIC_SetPriority)
    i.PendSV_Handler                         0x08001e60   Section        0  stm32f1xx_it.o(i.PendSV_Handler)
    i.Process_Data                           0x08001e64   Section        0  main.o(i.Process_Data)
    i.SDIO_ConfigData                        0x08001ef4   Section        0  stm32f1xx_ll_sdmmc.o(i.SDIO_ConfigData)
    i.SDIO_GetPowerState                     0x08001f18   Section        0  stm32f1xx_ll_sdmmc.o(i.SDIO_GetPowerState)
    i.SDIO_GetResponse                       0x08001f20   Section        0  stm32f1xx_ll_sdmmc.o(i.SDIO_GetResponse)
    i.SDIO_IRQHandler                        0x08001f2c   Section        0  stm32f1xx_it.o(i.SDIO_IRQHandler)
    i.SDIO_Init                              0x08001f38   Section        0  stm32f1xx_ll_sdmmc.o(i.SDIO_Init)
    i.SDIO_PowerState_ON                     0x08001f5c   Section        0  stm32f1xx_ll_sdmmc.o(i.SDIO_PowerState_ON)
    i.SDIO_ReadFIFO                          0x08001f64   Section        0  stm32f1xx_ll_sdmmc.o(i.SDIO_ReadFIFO)
    i.SDIO_SendCommand                       0x08001f6a   Section        0  stm32f1xx_ll_sdmmc.o(i.SDIO_SendCommand)
    i.SDIO_WriteFIFO                         0x08001f8a   Section        0  stm32f1xx_ll_sdmmc.o(i.SDIO_WriteFIFO)
    i.SDMMC_CmdAppCommand                    0x08001f94   Section        0  stm32f1xx_ll_sdmmc.o(i.SDMMC_CmdAppCommand)
    i.SDMMC_CmdAppOperCommand                0x08001fc8   Section        0  stm32f1xx_ll_sdmmc.o(i.SDMMC_CmdAppOperCommand)
    i.SDMMC_CmdBlockLength                   0x08001ffc   Section        0  stm32f1xx_ll_sdmmc.o(i.SDMMC_CmdBlockLength)
    i.SDMMC_CmdGoIdleState                   0x08002030   Section        0  stm32f1xx_ll_sdmmc.o(i.SDMMC_CmdGoIdleState)
    i.SDMMC_CmdOperCond                      0x08002080   Section        0  stm32f1xx_ll_sdmmc.o(i.SDMMC_CmdOperCond)
    i.SDMMC_CmdReadMultiBlock                0x080020e8   Section        0  stm32f1xx_ll_sdmmc.o(i.SDMMC_CmdReadMultiBlock)
    i.SDMMC_CmdReadSingleBlock               0x0800211a   Section        0  stm32f1xx_ll_sdmmc.o(i.SDMMC_CmdReadSingleBlock)
    i.SDMMC_CmdSelDesel                      0x0800214c   Section        0  stm32f1xx_ll_sdmmc.o(i.SDMMC_CmdSelDesel)
    i.SDMMC_CmdSendCID                       0x0800217e   Section        0  stm32f1xx_ll_sdmmc.o(i.SDMMC_CmdSendCID)
    i.SDMMC_CmdSendCSD                       0x080021aa   Section        0  stm32f1xx_ll_sdmmc.o(i.SDMMC_CmdSendCSD)
    i.SDMMC_CmdSendStatus                    0x080021d6   Section        0  stm32f1xx_ll_sdmmc.o(i.SDMMC_CmdSendStatus)
    i.SDMMC_CmdSetRelAdd                     0x08002208   Section        0  stm32f1xx_ll_sdmmc.o(i.SDMMC_CmdSetRelAdd)
    i.SDMMC_CmdStopTransfer                  0x08002238   Section        0  stm32f1xx_ll_sdmmc.o(i.SDMMC_CmdStopTransfer)
    i.SDMMC_CmdWriteMultiBlock               0x0800226c   Section        0  stm32f1xx_ll_sdmmc.o(i.SDMMC_CmdWriteMultiBlock)
    i.SDMMC_CmdWriteSingleBlock              0x0800229e   Section        0  stm32f1xx_ll_sdmmc.o(i.SDMMC_CmdWriteSingleBlock)
    i.SDMMC_GetCmdResp1                      0x080022d0   Section        0  stm32f1xx_ll_sdmmc.o(i.SDMMC_GetCmdResp1)
    SDMMC_GetCmdResp1                        0x080022d1   Thumb Code   276  stm32f1xx_ll_sdmmc.o(i.SDMMC_GetCmdResp1)
    i.SDMMC_GetCmdResp2                      0x080023ec   Section        0  stm32f1xx_ll_sdmmc.o(i.SDMMC_GetCmdResp2)
    SDMMC_GetCmdResp2                        0x080023ed   Thumb Code    74  stm32f1xx_ll_sdmmc.o(i.SDMMC_GetCmdResp2)
    i.SDMMC_GetCmdResp3                      0x0800243c   Section        0  stm32f1xx_ll_sdmmc.o(i.SDMMC_GetCmdResp3)
    SDMMC_GetCmdResp3                        0x0800243d   Thumb Code    60  stm32f1xx_ll_sdmmc.o(i.SDMMC_GetCmdResp3)
    i.SDMMC_GetCmdResp6                      0x0800247c   Section        0  stm32f1xx_ll_sdmmc.o(i.SDMMC_GetCmdResp6)
    SDMMC_GetCmdResp6                        0x0800247d   Thumb Code   128  stm32f1xx_ll_sdmmc.o(i.SDMMC_GetCmdResp6)
    i.SD_DMARxAbort                          0x08002500   Section        0  stm32f1xx_hal_sd.o(i.SD_DMARxAbort)
    SD_DMARxAbort                            0x08002501   Thumb Code    72  stm32f1xx_hal_sd.o(i.SD_DMARxAbort)
    i.SD_DMATxAbort                          0x08002548   Section        0  stm32f1xx_hal_sd.o(i.SD_DMATxAbort)
    SD_DMATxAbort                            0x08002549   Thumb Code    72  stm32f1xx_hal_sd.o(i.SD_DMATxAbort)
    i.SD_InitCard                            0x08002590   Section        0  stm32f1xx_hal_sd.o(i.SD_InitCard)
    SD_InitCard                              0x08002591   Thumb Code   230  stm32f1xx_hal_sd.o(i.SD_InitCard)
    i.SD_PowerON                             0x08002676   Section        0  stm32f1xx_hal_sd.o(i.SD_PowerON)
    SD_PowerON                               0x08002677   Thumb Code   162  stm32f1xx_hal_sd.o(i.SD_PowerON)
    i.SD_initialize                          0x08002718   Section        0  sd_diskio.o(i.SD_initialize)
    i.SD_ioctl                               0x08002738   Section        0  sd_diskio.o(i.SD_ioctl)
    i.SD_read                                0x08002788   Section        0  sd_diskio.o(i.SD_read)
    i.SD_status                              0x080027c4   Section        0  sd_diskio.o(i.SD_status)
    i.SD_write                               0x080027e4   Section        0  sd_diskio.o(i.SD_write)
    i.SVC_Handler                            0x08002820   Section        0  stm32f1xx_it.o(i.SVC_Handler)
    i.SysTick_Handler                        0x08002822   Section        0  stm32f1xx_it.o(i.SysTick_Handler)
    i.SystemClock_Config                     0x08002826   Section        0  main.o(i.SystemClock_Config)
    i.SystemInit                             0x08002878   Section        0  system_stm32f1xx.o(i.SystemInit)
    i.TIM_Base_SetConfig                     0x080028c0   Section        0  stm32f1xx_hal_tim.o(i.TIM_Base_SetConfig)
    i.UART_SetConfig                         0x0800294c   Section        0  stm32f1xx_hal_uart.o(i.UART_SetConfig)
    UART_SetConfig                           0x0800294d   Thumb Code   364  stm32f1xx_hal_uart.o(i.UART_SetConfig)
    i.UART_WaitOnFlagUntilTimeout            0x08002abc   Section        0  stm32f1xx_hal_uart.o(i.UART_WaitOnFlagUntilTimeout)
    UART_WaitOnFlagUntilTimeout              0x08002abd   Thumb Code   100  stm32f1xx_hal_uart.o(i.UART_WaitOnFlagUntilTimeout)
    i.UsageFault_Handler                     0x08002b20   Section        0  stm32f1xx_it.o(i.UsageFault_Handler)
    i.__0printf$3                            0x08002b24   Section        0  printf3.o(i.__0printf$3)
    i.__scatterload_copy                     0x08002b44   Section       14  handlers.o(i.__scatterload_copy)
    i.__scatterload_null                     0x08002b52   Section        2  handlers.o(i.__scatterload_null)
    i.__scatterload_zeroinit                 0x08002b54   Section       14  handlers.o(i.__scatterload_zeroinit)
    i._printf_core                           0x08002b64   Section        0  printf3.o(i._printf_core)
    _printf_core                             0x08002b65   Thumb Code   436  printf3.o(i._printf_core)
    i.check_fs                               0x08002d1c   Section        0  ff.o(i.check_fs)
    check_fs                                 0x08002d1d   Thumb Code    90  ff.o(i.check_fs)
    i.chk_chr                                0x08002d7c   Section        0  ff.o(i.chk_chr)
    chk_chr                                  0x08002d7d   Thumb Code    16  ff.o(i.chk_chr)
    i.chk_lock                               0x08002d8c   Section        0  ff.o(i.chk_lock)
    chk_lock                                 0x08002d8d   Thumb Code   100  ff.o(i.chk_lock)
    i.clear_lock                             0x08002df4   Section        0  ff.o(i.clear_lock)
    clear_lock                               0x08002df5   Thumb Code    32  ff.o(i.clear_lock)
    i.clmt_clust                             0x08002e18   Section        0  ff.o(i.clmt_clust)
    clmt_clust                               0x08002e19   Thumb Code    46  ff.o(i.clmt_clust)
    i.clust2sect                             0x08002e46   Section        0  ff.o(i.clust2sect)
    i.create_chain                           0x08002e62   Section        0  ff.o(i.create_chain)
    create_chain                             0x08002e63   Thumb Code   164  ff.o(i.create_chain)
    i.create_name                            0x08002f08   Section        0  ff.o(i.create_name)
    create_name                              0x08002f09   Thumb Code   492  ff.o(i.create_name)
    i.dir_find                               0x0800310c   Section        0  ff.o(i.dir_find)
    dir_find                                 0x0800310d   Thumb Code   314  ff.o(i.dir_find)
    i.dir_next                               0x0800324c   Section        0  ff.o(i.dir_next)
    dir_next                                 0x0800324d   Thumb Code   284  ff.o(i.dir_next)
    i.dir_register                           0x08003368   Section        0  ff.o(i.dir_register)
    dir_register                             0x08003369   Thumb Code   444  ff.o(i.dir_register)
    i.dir_sdi                                0x08003528   Section        0  ff.o(i.dir_sdi)
    dir_sdi                                  0x08003529   Thumb Code   154  ff.o(i.dir_sdi)
    i.disk_initialize                        0x080035c4   Section        0  diskio.o(i.disk_initialize)
    i.disk_ioctl                             0x080035ec   Section        0  diskio.o(i.disk_ioctl)
    i.disk_read                              0x08003608   Section        0  diskio.o(i.disk_read)
    i.disk_status                            0x08003624   Section        0  diskio.o(i.disk_status)
    i.disk_write                             0x0800363c   Section        0  diskio.o(i.disk_write)
    i.f_lseek                                0x08003658   Section        0  ff.o(i.f_lseek)
    i.f_mount                                0x080038c0   Section        0  ff.o(i.f_mount)
    i.f_open                                 0x08003924   Section        0  ff.o(i.f_open)
    i.f_read                                 0x08003b14   Section        0  ff.o(i.f_read)
    i.ff_convert                             0x08003ca4   Section        0  ccsbcs.o(i.ff_convert)
    i.ff_wtoupper                            0x08003cdc   Section        0  ccsbcs.o(i.ff_wtoupper)
    i.find_volume                            0x08003d00   Section        0  ff.o(i.find_volume)
    find_volume                              0x08003d01   Thumb Code   606  ff.o(i.find_volume)
    i.follow_path                            0x08003f6c   Section        0  ff.o(i.follow_path)
    follow_path                              0x08003f6d   Thumb Code   106  ff.o(i.follow_path)
    i.fputc                                  0x08003fd8   Section        0  main.o(i.fputc)
    i.gen_numname                            0x08003ff0   Section        0  ff.o(i.gen_numname)
    gen_numname                              0x08003ff1   Thumb Code   122  ff.o(i.gen_numname)
    i.get_fat                                0x08004070   Section        0  ff.o(i.get_fat)
    i.get_fattime                            0x08004156   Section        0  fatfs.o(i.get_fattime)
    i.get_ldnumber                           0x0800415a   Section        0  ff.o(i.get_ldnumber)
    get_ldnumber                             0x0800415b   Thumb Code    60  ff.o(i.get_ldnumber)
    i.inc_lock                               0x08004198   Section        0  ff.o(i.inc_lock)
    inc_lock                                 0x08004199   Thumb Code   146  ff.o(i.inc_lock)
    i.ld_clust                               0x08004230   Section        0  ff.o(i.ld_clust)
    ld_clust                                 0x08004231   Thumb Code    22  ff.o(i.ld_clust)
    i.main                                   0x08004248   Section        0  main.o(i.main)
    i.mem_cpy                                0x080044a8   Section        0  ff.o(i.mem_cpy)
    mem_cpy                                  0x080044a9   Thumb Code    18  ff.o(i.mem_cpy)
    i.mem_set                                0x080044ba   Section        0  ff.o(i.mem_set)
    mem_set                                  0x080044bb   Thumb Code    14  ff.o(i.mem_set)
    i.move_window                            0x080044c8   Section        0  ff.o(i.move_window)
    move_window                              0x080044c9   Thumb Code    56  ff.o(i.move_window)
    i.put_fat                                0x08004500   Section        0  ff.o(i.put_fat)
    i.remove_chain                           0x0800461e   Section        0  ff.o(i.remove_chain)
    remove_chain                             0x0800461f   Thumb Code   102  ff.o(i.remove_chain)
    i.st_clust                               0x08004684   Section        0  ff.o(i.st_clust)
    st_clust                                 0x08004685   Thumb Code    16  ff.o(i.st_clust)
    i.sum_sfn                                0x08004694   Section        0  ff.o(i.sum_sfn)
    sum_sfn                                  0x08004695   Thumb Code    26  ff.o(i.sum_sfn)
    i.sync_window                            0x080046ae   Section        0  ff.o(i.sync_window)
    sync_window                              0x080046af   Thumb Code    82  ff.o(i.sync_window)
    i.validate                               0x08004700   Section        0  ff.o(i.validate)
    validate                                 0x08004701   Thumb Code    42  ff.o(i.validate)
    .constdata                               0x0800472a   Section       16  system_stm32f1xx.o(.constdata)
    .constdata                               0x0800473a   Section        8  system_stm32f1xx.o(.constdata)
    .constdata                               0x08004742   Section      186  ff.o(.constdata)
    ExCvt                                    0x08004742   Data         128  ff.o(.constdata)
    LfnOfs                                   0x080047c2   Data          13  ff.o(.constdata)
    vst                                      0x080047d0   Data          22  ff.o(.constdata)
    cst                                      0x080047e6   Data          22  ff.o(.constdata)
    .constdata                               0x080047fc   Section     1216  ccsbcs.o(.constdata)
    Tbl                                      0x080047fc   Data         256  ccsbcs.o(.constdata)
    tbl_lower                                0x080048fc   Data         480  ccsbcs.o(.constdata)
    tbl_upper                                0x08004adc   Data         480  ccsbcs.o(.constdata)
    .constdata                               0x08004cbc   Section       20  sd_diskio.o(.constdata)
    .data                                    0x20000000   Section       46  main.o(.data)
    MODE                                     0x20000000   Data           1  main.o(.data)
    UPPERCplt                                0x20000001   Data           1  main.o(.data)
    LOWERCplt                                0x20000002   Data           1  main.o(.data)
    INPUT_DATA                               0x20000004   Data           4  main.o(.data)
    Size_of_File                             0x2000000c   Data           4  main.o(.data)
    Read_Counter                             0x20000010   Data           4  main.o(.data)
    Transfer_Counter                         0x20000014   Data           4  main.o(.data)
    Read_Pointer                             0x20000018   Data           4  main.o(.data)
    R                                        0x2000001c   Data           4  main.o(.data)
    .data                                    0x2000002e   Section        5  fatfs.o(.data)
    .data                                    0x20000034   Section       12  stm32f1xx_hal.o(.data)
    .data                                    0x20000040   Section        4  system_stm32f1xx.o(.data)
    .data                                    0x20000044   Section        8  ff.o(.data)
    Fsid                                     0x20000044   Data           2  ff.o(.data)
    FatFs                                    0x20000048   Data           4  ff.o(.data)
    .data                                    0x2000004c   Section        1  sd_diskio.o(.data)
    Stat                                     0x2000004c   Data           1  sd_diskio.o(.data)
    .data                                    0x20000050   Section        4  stdout.o(.data)
    .bss                                     0x20000054   Section     9588  main.o(.bss)
    DAC_VALUE                                0x200021c8   Data        1024  main.o(.bss)
    .bss                                     0x200025c8   Section       68  main.o(.bss)
    .bss                                     0x2000260c   Section      536  ff.o(.bss)
    Files                                    0x2000260c   Data          24  ff.o(.bss)
    LfnBuf                                   0x20002624   Data         512  ff.o(.bss)
    .bss                                     0x20002824   Section       12  ff_gen_drv.o(.bss)
    STACK                                    0x20002830   Section    16384  startup_stm32f103xe.o(STACK)

    Global Symbols

    Symbol Name                              Value     Ov Type        Size  Object(Section)

    BuildAttributes$$THM_ISAv4$P$D$K$B$S$PE$A:L22UL41UL21$X:L11$S22US41US21$IEEE1$IW$USESV6$~STKCKD$USESV7$~SHL$OSPACE$ROPI$EBA8$MICROLIB$REQ8$PRES8$EABIv2 0x00000000   Number         0  anon$$obj.o ABSOLUTE
    __ARM_use_no_argv                        0x00000000   Number         0  main.o ABSOLUTE
    _printf_a                                0x00000000   Number         0  stubs.o ABSOLUTE
    _printf_c                                0x00000000   Number         0  stubs.o ABSOLUTE
    _printf_charcount                        0x00000000   Number         0  stubs.o ABSOLUTE
    _printf_d                                0x00000000   Number         0  stubs.o ABSOLUTE
    _printf_e                                0x00000000   Number         0  stubs.o ABSOLUTE
    _printf_f                                0x00000000   Number         0  stubs.o ABSOLUTE
    _printf_flags                            0x00000000   Number         0  stubs.o ABSOLUTE
    _printf_fp_dec                           0x00000000   Number         0  stubs.o ABSOLUTE
    _printf_fp_hex                           0x00000000   Number         0  stubs.o ABSOLUTE
    _printf_g                                0x00000000   Number         0  stubs.o ABSOLUTE
    _printf_i                                0x00000000   Number         0  stubs.o ABSOLUTE
    _printf_int_dec                          0x00000000   Number         0  stubs.o ABSOLUTE
    _printf_l                                0x00000000   Number         0  stubs.o ABSOLUTE
    _printf_lc                               0x00000000   Number         0  stubs.o ABSOLUTE
    _printf_ll                               0x00000000   Number         0  stubs.o ABSOLUTE
    _printf_lld                              0x00000000   Number         0  stubs.o ABSOLUTE
    _printf_lli                              0x00000000   Number         0  stubs.o ABSOLUTE
    _printf_llo                              0x00000000   Number         0  stubs.o ABSOLUTE
    _printf_llu                              0x00000000   Number         0  stubs.o ABSOLUTE
    _printf_llx                              0x00000000   Number         0  stubs.o ABSOLUTE
    _printf_longlong_dec                     0x00000000   Number         0  stubs.o ABSOLUTE
    _printf_longlong_hex                     0x00000000   Number         0  stubs.o ABSOLUTE
    _printf_longlong_oct                     0x00000000   Number         0  stubs.o ABSOLUTE
    _printf_ls                               0x00000000   Number         0  stubs.o ABSOLUTE
    _printf_mbtowc                           0x00000000   Number         0  stubs.o ABSOLUTE
    _printf_n                                0x00000000   Number         0  stubs.o ABSOLUTE
    _printf_o                                0x00000000   Number         0  stubs.o ABSOLUTE
    _printf_p                                0x00000000   Number         0  stubs.o ABSOLUTE
    _printf_percent                          0x00000000   Number         0  stubs.o ABSOLUTE
    _printf_pre_padding                      0x00000000   Number         0  stubs.o ABSOLUTE
    _printf_return_value                     0x00000000   Number         0  stubs.o ABSOLUTE
    _printf_s                                0x00000000   Number         0  stubs.o ABSOLUTE
    _printf_sizespec                         0x00000000   Number         0  stubs.o ABSOLUTE
    _printf_str                              0x00000000   Number         0  stubs.o ABSOLUTE
    _printf_truncate_signed                  0x00000000   Number         0  stubs.o ABSOLUTE
    _printf_truncate_unsigned                0x00000000   Number         0  stubs.o ABSOLUTE
    _printf_u                                0x00000000   Number         0  stubs.o ABSOLUTE
    _printf_wc                               0x00000000   Number         0  stubs.o ABSOLUTE
    _printf_wctomb                           0x00000000   Number         0  stubs.o ABSOLUTE
    _printf_widthprec                        0x00000000   Number         0  stubs.o ABSOLUTE
    _printf_x                                0x00000000   Number         0  stubs.o ABSOLUTE
    __cpp_initialize__aeabi_                  - Undefined Weak Reference
    __cxa_finalize                            - Undefined Weak Reference
    __decompress                              - Undefined Weak Reference
    _clock_init                               - Undefined Weak Reference
    _microlib_exit                            - Undefined Weak Reference
    __Vectors_Size                           0x00000130   Number         0  startup_stm32f103xe.o ABSOLUTE
    __Vectors                                0x08000000   Data           4  startup_stm32f103xe.o(RESET)
    __Vectors_End                            0x08000130   Data           0  startup_stm32f103xe.o(RESET)
    __main                                   0x08000131   Thumb Code     0  entry.o(.ARM.Collect$$$$00000000)
    _main_stk                                0x08000131   Thumb Code     0  entry2.o(.ARM.Collect$$$$00000001)
    _main_scatterload                        0x08000135   Thumb Code     0  entry5.o(.ARM.Collect$$$$00000004)
    __main_after_scatterload                 0x08000139   Thumb Code     0  entry5.o(.ARM.Collect$$$$00000004)
    _main_clock                              0x08000139   Thumb Code     0  entry7b.o(.ARM.Collect$$$$00000008)
    _main_cpp_init                           0x08000139   Thumb Code     0  entry8b.o(.ARM.Collect$$$$0000000A)
    _main_init                               0x08000139   Thumb Code     0  entry9a.o(.ARM.Collect$$$$0000000B)
    __rt_final_cpp                           0x08000141   Thumb Code     0  entry10a.o(.ARM.Collect$$$$0000000D)
    __rt_final_exit                          0x08000141   Thumb Code     0  entry11a.o(.ARM.Collect$$$$0000000F)
    Reset_Handler                            0x08000145   Thumb Code     8  startup_stm32f103xe.o(.text)
    ADC1_2_IRQHandler                        0x0800015f   Thumb Code     0  startup_stm32f103xe.o(.text)
    ADC3_IRQHandler                          0x0800015f   Thumb Code     0  startup_stm32f103xe.o(.text)
    CAN1_RX1_IRQHandler                      0x0800015f   Thumb Code     0  startup_stm32f103xe.o(.text)
    CAN1_SCE_IRQHandler                      0x0800015f   Thumb Code     0  startup_stm32f103xe.o(.text)
    DMA1_Channel1_IRQHandler                 0x0800015f   Thumb Code     0  startup_stm32f103xe.o(.text)
    DMA1_Channel2_IRQHandler                 0x0800015f   Thumb Code     0  startup_stm32f103xe.o(.text)
    DMA1_Channel3_IRQHandler                 0x0800015f   Thumb Code     0  startup_stm32f103xe.o(.text)
    DMA1_Channel4_IRQHandler                 0x0800015f   Thumb Code     0  startup_stm32f103xe.o(.text)
    DMA1_Channel5_IRQHandler                 0x0800015f   Thumb Code     0  startup_stm32f103xe.o(.text)
    DMA1_Channel6_IRQHandler                 0x0800015f   Thumb Code     0  startup_stm32f103xe.o(.text)
    DMA1_Channel7_IRQHandler                 0x0800015f   Thumb Code     0  startup_stm32f103xe.o(.text)
    DMA2_Channel1_IRQHandler                 0x0800015f   Thumb Code     0  startup_stm32f103xe.o(.text)
    DMA2_Channel2_IRQHandler                 0x0800015f   Thumb Code     0  startup_stm32f103xe.o(.text)
    DMA2_Channel4_5_IRQHandler               0x0800015f   Thumb Code     0  startup_stm32f103xe.o(.text)
    EXTI0_IRQHandler                         0x0800015f   Thumb Code     0  startup_stm32f103xe.o(.text)
    EXTI15_10_IRQHandler                     0x0800015f   Thumb Code     0  startup_stm32f103xe.o(.text)
    EXTI1_IRQHandler                         0x0800015f   Thumb Code     0  startup_stm32f103xe.o(.text)
    EXTI2_IRQHandler                         0x0800015f   Thumb Code     0  startup_stm32f103xe.o(.text)
    EXTI3_IRQHandler                         0x0800015f   Thumb Code     0  startup_stm32f103xe.o(.text)
    EXTI4_IRQHandler                         0x0800015f   Thumb Code     0  startup_stm32f103xe.o(.text)
    EXTI9_5_IRQHandler                       0x0800015f   Thumb Code     0  startup_stm32f103xe.o(.text)
    FLASH_IRQHandler                         0x0800015f   Thumb Code     0  startup_stm32f103xe.o(.text)
    FSMC_IRQHandler                          0x0800015f   Thumb Code     0  startup_stm32f103xe.o(.text)
    I2C1_ER_IRQHandler                       0x0800015f   Thumb Code     0  startup_stm32f103xe.o(.text)
    I2C1_EV_IRQHandler                       0x0800015f   Thumb Code     0  startup_stm32f103xe.o(.text)
    I2C2_ER_IRQHandler                       0x0800015f   Thumb Code     0  startup_stm32f103xe.o(.text)
    I2C2_EV_IRQHandler                       0x0800015f   Thumb Code     0  startup_stm32f103xe.o(.text)
    PVD_IRQHandler                           0x0800015f   Thumb Code     0  startup_stm32f103xe.o(.text)
    RCC_IRQHandler                           0x0800015f   Thumb Code     0  startup_stm32f103xe.o(.text)
    RTC_Alarm_IRQHandler                     0x0800015f   Thumb Code     0  startup_stm32f103xe.o(.text)
    RTC_IRQHandler                           0x0800015f   Thumb Code     0  startup_stm32f103xe.o(.text)
    SPI1_IRQHandler                          0x0800015f   Thumb Code     0  startup_stm32f103xe.o(.text)
    SPI2_IRQHandler                          0x0800015f   Thumb Code     0  startup_stm32f103xe.o(.text)
    SPI3_IRQHandler                          0x0800015f   Thumb Code     0  startup_stm32f103xe.o(.text)
    TAMPER_IRQHandler                        0x0800015f   Thumb Code     0  startup_stm32f103xe.o(.text)
    TIM1_BRK_IRQHandler                      0x0800015f   Thumb Code     0  startup_stm32f103xe.o(.text)
    TIM1_CC_IRQHandler                       0x0800015f   Thumb Code     0  startup_stm32f103xe.o(.text)
    TIM1_TRG_COM_IRQHandler                  0x0800015f   Thumb Code     0  startup_stm32f103xe.o(.text)
    TIM1_UP_IRQHandler                       0x0800015f   Thumb Code     0  startup_stm32f103xe.o(.text)
    TIM2_IRQHandler                          0x0800015f   Thumb Code     0  startup_stm32f103xe.o(.text)
    TIM3_IRQHandler                          0x0800015f   Thumb Code     0  startup_stm32f103xe.o(.text)
    TIM4_IRQHandler                          0x0800015f   Thumb Code     0  startup_stm32f103xe.o(.text)
    TIM5_IRQHandler                          0x0800015f   Thumb Code     0  startup_stm32f103xe.o(.text)
    TIM6_IRQHandler                          0x0800015f   Thumb Code     0  startup_stm32f103xe.o(.text)
    TIM7_IRQHandler                          0x0800015f   Thumb Code     0  startup_stm32f103xe.o(.text)
    TIM8_BRK_IRQHandler                      0x0800015f   Thumb Code     0  startup_stm32f103xe.o(.text)
    TIM8_CC_IRQHandler                       0x0800015f   Thumb Code     0  startup_stm32f103xe.o(.text)
    TIM8_TRG_COM_IRQHandler                  0x0800015f   Thumb Code     0  startup_stm32f103xe.o(.text)
    TIM8_UP_IRQHandler                       0x0800015f   Thumb Code     0  startup_stm32f103xe.o(.text)
    UART4_IRQHandler                         0x0800015f   Thumb Code     0  startup_stm32f103xe.o(.text)
    UART5_IRQHandler                         0x0800015f   Thumb Code     0  startup_stm32f103xe.o(.text)
    USART1_IRQHandler                        0x0800015f   Thumb Code     0  startup_stm32f103xe.o(.text)
    USART2_IRQHandler                        0x0800015f   Thumb Code     0  startup_stm32f103xe.o(.text)
    USART3_IRQHandler                        0x0800015f   Thumb Code     0  startup_stm32f103xe.o(.text)
    USBWakeUp_IRQHandler                     0x0800015f   Thumb Code     0  startup_stm32f103xe.o(.text)
    USB_HP_CAN1_TX_IRQHandler                0x0800015f   Thumb Code     0  startup_stm32f103xe.o(.text)
    USB_LP_CAN1_RX0_IRQHandler               0x0800015f   Thumb Code     0  startup_stm32f103xe.o(.text)
    WWDG_IRQHandler                          0x0800015f   Thumb Code     0  startup_stm32f103xe.o(.text)
    __aeabi_memset                           0x08000169   Thumb Code    14  memseta.o(.text)
    __aeabi_memset4                          0x08000169   Thumb Code     0  memseta.o(.text)
    __aeabi_memset8                          0x08000169   Thumb Code     0  memseta.o(.text)
    __aeabi_memclr                           0x08000177   Thumb Code     4  memseta.o(.text)
    __aeabi_memclr4                          0x08000177   Thumb Code     0  memseta.o(.text)
    __aeabi_memclr8                          0x08000177   Thumb Code     0  memseta.o(.text)
    _memset$wrapper                          0x0800017b   Thumb Code    18  memseta.o(.text)
    __aeabi_uidiv                            0x0800018d   Thumb Code     0  uidiv.o(.text)
    __aeabi_uidivmod                         0x0800018d   Thumb Code    44  uidiv.o(.text)
    __scatterload                            0x080001b9   Thumb Code    28  init.o(.text)
    __scatterload_rt2                        0x080001b9   Thumb Code     0  init.o(.text)
    BSP_SD_AbortCallback                     0x080001dd   Thumb Code     2  bsp_driver_sd.o(i.BSP_SD_AbortCallback)
    BSP_SD_GetCardInfo                       0x080001e1   Thumb Code     8  bsp_driver_sd.o(i.BSP_SD_GetCardInfo)
    BSP_SD_GetCardState                      0x080001ed   Thumb Code    20  bsp_driver_sd.o(i.BSP_SD_GetCardState)
    BSP_SD_Init                              0x08000205   Thumb Code    30  bsp_driver_sd.o(i.BSP_SD_Init)
    BSP_SD_ReadBlocks                        0x08000229   Thumb Code    26  bsp_driver_sd.o(i.BSP_SD_ReadBlocks)
    BSP_SD_ReadCpltCallback                  0x08000249   Thumb Code     2  bsp_driver_sd.o(i.BSP_SD_ReadCpltCallback)
    BSP_SD_WriteBlocks                       0x0800024d   Thumb Code    26  bsp_driver_sd.o(i.BSP_SD_WriteBlocks)
    BSP_SD_WriteCpltCallback                 0x0800026d   Thumb Code     2  bsp_driver_sd.o(i.BSP_SD_WriteCpltCallback)
    BusFault_Handler                         0x0800026f   Thumb Code     2  stm32f1xx_it.o(i.BusFault_Handler)
    DAC_DMAConvCpltCh1                       0x08000271   Thumb Code    16  stm32f1xx_hal_dac.o(i.DAC_DMAConvCpltCh1)
    DAC_DMAConvCpltCh2                       0x08000281   Thumb Code    16  stm32f1xx_hal_dac_ex.o(i.DAC_DMAConvCpltCh2)
    DAC_DMAErrorCh1                          0x08000291   Thumb Code    24  stm32f1xx_hal_dac.o(i.DAC_DMAErrorCh1)
    DAC_DMAErrorCh2                          0x080002a9   Thumb Code    24  stm32f1xx_hal_dac_ex.o(i.DAC_DMAErrorCh2)
    DAC_DMAHalfConvCpltCh1                   0x080002c1   Thumb Code    10  stm32f1xx_hal_dac.o(i.DAC_DMAHalfConvCpltCh1)
    DAC_DMAHalfConvCpltCh2                   0x080002cb   Thumb Code    10  stm32f1xx_hal_dac_ex.o(i.DAC_DMAHalfConvCpltCh2)
    DMA2_Channel3_IRQHandler                 0x080002d5   Thumb Code     6  stm32f1xx_it.o(i.DMA2_Channel3_IRQHandler)
    DebugMon_Handler                         0x0800030b   Thumb Code     2  stm32f1xx_it.o(i.DebugMon_Handler)
    Error_Handler                            0x0800030d   Thumb Code     2  main.o(i.Error_Handler)
    FATFS_LinkDriver                         0x0800030f   Thumb Code     6  ff_gen_drv.o(i.FATFS_LinkDriver)
    FATFS_LinkDriverEx                       0x08000315   Thumb Code    60  ff_gen_drv.o(i.FATFS_LinkDriverEx)
    HAL_DACEx_ConvCpltCallbackCh2            0x08000355   Thumb Code     2  stm32f1xx_hal_dac_ex.o(i.HAL_DACEx_ConvCpltCallbackCh2)
    HAL_DACEx_ConvHalfCpltCallbackCh2        0x08000357   Thumb Code     2  stm32f1xx_hal_dac_ex.o(i.HAL_DACEx_ConvHalfCpltCallbackCh2)
    HAL_DACEx_ErrorCallbackCh2               0x08000359   Thumb Code     2  stm32f1xx_hal_dac_ex.o(i.HAL_DACEx_ErrorCallbackCh2)
    HAL_DAC_ConfigChannel                    0x0800035b   Thumb Code    66  stm32f1xx_hal_dac.o(i.HAL_DAC_ConfigChannel)
    HAL_DAC_ConvCpltCallbackCh1              0x0800039d   Thumb Code    26  main.o(i.HAL_DAC_ConvCpltCallbackCh1)
    HAL_DAC_ConvHalfCpltCallbackCh1          0x080003c1   Thumb Code    26  main.o(i.HAL_DAC_ConvHalfCpltCallbackCh1)
    HAL_DAC_ErrorCallbackCh1                 0x080003e5   Thumb Code     2  stm32f1xx_hal_dac.o(i.HAL_DAC_ErrorCallbackCh1)
    HAL_DAC_Init                             0x080003e7   Thumb Code    40  stm32f1xx_hal_dac.o(i.HAL_DAC_Init)
    HAL_DAC_MspInit                          0x08000411   Thumb Code   118  stm32f1xx_hal_msp.o(i.HAL_DAC_MspInit)
    HAL_DAC_Start_DMA                        0x0800049d   Thumb Code   210  stm32f1xx_hal_dac.o(i.HAL_DAC_Start_DMA)
    HAL_DAC_Stop_DMA                         0x08000589   Thumb Code    56  stm32f1xx_hal_dac.o(i.HAL_DAC_Stop_DMA)
    HAL_DMA_Abort                            0x080005c1   Thumb Code    48  stm32f1xx_hal_dma.o(i.HAL_DMA_Abort)
    HAL_DMA_Abort_IT                         0x080005f1   Thumb Code   296  stm32f1xx_hal_dma.o(i.HAL_DMA_Abort_IT)
    HAL_DMA_IRQHandler                       0x08000721   Thumb Code   552  stm32f1xx_hal_dma.o(i.HAL_DMA_IRQHandler)
    HAL_DMA_Init                             0x08000969   Thumb Code   112  stm32f1xx_hal_dma.o(i.HAL_DMA_Init)
    HAL_DMA_Start_IT                         0x080009e5   Thumb Code   112  stm32f1xx_hal_dma.o(i.HAL_DMA_Start_IT)
    HAL_Delay                                0x08000a55   Thumb Code    32  stm32f1xx_hal.o(i.HAL_Delay)
    HAL_GPIO_Init                            0x08000a79   Thumb Code   446  stm32f1xx_hal_gpio.o(i.HAL_GPIO_Init)
    HAL_GPIO_WritePin                        0x08000c61   Thumb Code    10  stm32f1xx_hal_gpio.o(i.HAL_GPIO_WritePin)
    HAL_GetTick                              0x08000c6d   Thumb Code     6  stm32f1xx_hal.o(i.HAL_GetTick)
    HAL_IncTick                              0x08000c79   Thumb Code    12  stm32f1xx_hal.o(i.HAL_IncTick)
    HAL_Init                                 0x08000c89   Thumb Code    32  stm32f1xx_hal.o(i.HAL_Init)
    HAL_InitTick                             0x08000cad   Thumb Code    54  stm32f1xx_hal.o(i.HAL_InitTick)
    HAL_MspInit                              0x08000ced   Thumb Code    52  stm32f1xx_hal_msp.o(i.HAL_MspInit)
    HAL_NVIC_EnableIRQ                       0x08000d29   Thumb Code    22  stm32f1xx_hal_cortex.o(i.HAL_NVIC_EnableIRQ)
    HAL_NVIC_SetPriority                     0x08000d41   Thumb Code    60  stm32f1xx_hal_cortex.o(i.HAL_NVIC_SetPriority)
    HAL_NVIC_SetPriorityGrouping             0x08000d81   Thumb Code    26  stm32f1xx_hal_cortex.o(i.HAL_NVIC_SetPriorityGrouping)
    HAL_RCC_ClockConfig                      0x08000da5   Thumb Code   346  stm32f1xx_hal_rcc.o(i.HAL_RCC_ClockConfig)
    HAL_RCC_GetPCLK1Freq                     0x08000f11   Thumb Code    20  stm32f1xx_hal_rcc.o(i.HAL_RCC_GetPCLK1Freq)
    HAL_RCC_GetPCLK2Freq                     0x08000f31   Thumb Code    20  stm32f1xx_hal_rcc.o(i.HAL_RCC_GetPCLK2Freq)
    HAL_RCC_GetSysClockFreq                  0x08000f51   Thumb Code    74  stm32f1xx_hal_rcc.o(i.HAL_RCC_GetSysClockFreq)
    HAL_RCC_OscConfig                        0x08000fbd   Thumb Code   750  stm32f1xx_hal_rcc.o(i.HAL_RCC_OscConfig)
    HAL_SD_AbortCallback                     0x080012c1   Thumb Code     8  bsp_driver_sd.o(i.HAL_SD_AbortCallback)
    HAL_SD_ErrorCallback                     0x080012c9   Thumb Code     2  stm32f1xx_hal_sd.o(i.HAL_SD_ErrorCallback)
    HAL_SD_GetCardCSD                        0x080012cb   Thumb Code   474  stm32f1xx_hal_sd.o(i.HAL_SD_GetCardCSD)
    HAL_SD_GetCardInfo                       0x080014a5   Thumb Code    36  stm32f1xx_hal_sd.o(i.HAL_SD_GetCardInfo)
    HAL_SD_GetCardState                      0x080014c9   Thumb Code    44  stm32f1xx_hal_sd.o(i.HAL_SD_GetCardState)
    HAL_SD_IRQHandler                        0x080014f5   Thumb Code   438  stm32f1xx_hal_sd.o(i.HAL_SD_IRQHandler)
    HAL_SD_Init                              0x080016b5   Thumb Code    54  stm32f1xx_hal_sd.o(i.HAL_SD_Init)
    HAL_SD_InitCard                          0x080016ed   Thumb Code    80  stm32f1xx_hal_sd.o(i.HAL_SD_InitCard)
    HAL_SD_MspInit                           0x08001741   Thumb Code   130  stm32f1xx_hal_msp.o(i.HAL_SD_MspInit)
    HAL_SD_ReadBlocks                        0x080017d5   Thumb Code   434  stm32f1xx_hal_sd.o(i.HAL_SD_ReadBlocks)
    HAL_SD_RxCpltCallback                    0x08001987   Thumb Code     8  bsp_driver_sd.o(i.HAL_SD_RxCpltCallback)
    HAL_SD_TxCpltCallback                    0x0800198f   Thumb Code     8  bsp_driver_sd.o(i.HAL_SD_TxCpltCallback)
    HAL_SD_WriteBlocks                       0x08001999   Thumb Code   410  stm32f1xx_hal_sd.o(i.HAL_SD_WriteBlocks)
    HAL_SYSTICK_Config                       0x08001b33   Thumb Code    40  stm32f1xx_hal_cortex.o(i.HAL_SYSTICK_Config)
    HAL_TIMEx_MasterConfigSynchronization    0x08001b5b   Thumb Code    80  stm32f1xx_hal_tim_ex.o(i.HAL_TIMEx_MasterConfigSynchronization)
    HAL_TIM_Base_Init                        0x08001bab   Thumb Code    54  stm32f1xx_hal_tim.o(i.HAL_TIM_Base_Init)
    HAL_TIM_Base_MspInit                     0x08001be1   Thumb Code    30  stm32f1xx_hal_msp.o(i.HAL_TIM_Base_MspInit)
    HAL_TIM_Base_Start                       0x08001c09   Thumb Code    26  stm32f1xx_hal_tim.o(i.HAL_TIM_Base_Start)
    HAL_UART_Init                            0x08001c23   Thumb Code    98  stm32f1xx_hal_uart.o(i.HAL_UART_Init)
    HAL_UART_MspInit                         0x08001c85   Thumb Code   100  stm32f1xx_hal_msp.o(i.HAL_UART_MspInit)
    HAL_UART_Transmit                        0x08001cf5   Thumb Code   186  stm32f1xx_hal_uart.o(i.HAL_UART_Transmit)
    HardFault_Handler                        0x08001daf   Thumb Code     2  stm32f1xx_it.o(i.HardFault_Handler)
    MX_FATFS_Init                            0x08001db1   Thumb Code    18  fatfs.o(i.MX_FATFS_Init)
    MemManage_Handler                        0x08001e3d   Thumb Code     2  stm32f1xx_it.o(i.MemManage_Handler)
    NMI_Handler                              0x08001e3f   Thumb Code     2  stm32f1xx_it.o(i.NMI_Handler)
    PendSV_Handler                           0x08001e61   Thumb Code     2  stm32f1xx_it.o(i.PendSV_Handler)
    Process_Data                             0x08001e65   Thumb Code   134  main.o(i.Process_Data)
    SDIO_ConfigData                          0x08001ef5   Thumb Code    36  stm32f1xx_ll_sdmmc.o(i.SDIO_ConfigData)
    SDIO_GetPowerState                       0x08001f19   Thumb Code     8  stm32f1xx_ll_sdmmc.o(i.SDIO_GetPowerState)
    SDIO_GetResponse                         0x08001f21   Thumb Code    12  stm32f1xx_ll_sdmmc.o(i.SDIO_GetResponse)
    SDIO_IRQHandler                          0x08001f2d   Thumb Code     6  stm32f1xx_it.o(i.SDIO_IRQHandler)
    SDIO_Init                                0x08001f39   Thumb Code    36  stm32f1xx_ll_sdmmc.o(i.SDIO_Init)
    SDIO_PowerState_ON                       0x08001f5d   Thumb Code     8  stm32f1xx_ll_sdmmc.o(i.SDIO_PowerState_ON)
    SDIO_ReadFIFO                            0x08001f65   Thumb Code     6  stm32f1xx_ll_sdmmc.o(i.SDIO_ReadFIFO)
    SDIO_SendCommand                         0x08001f6b   Thumb Code    32  stm32f1xx_ll_sdmmc.o(i.SDIO_SendCommand)
    SDIO_WriteFIFO                           0x08001f8b   Thumb Code    10  stm32f1xx_ll_sdmmc.o(i.SDIO_WriteFIFO)
    SDMMC_CmdAppCommand                      0x08001f95   Thumb Code    50  stm32f1xx_ll_sdmmc.o(i.SDMMC_CmdAppCommand)
    SDMMC_CmdAppOperCommand                  0x08001fc9   Thumb Code    48  stm32f1xx_ll_sdmmc.o(i.SDMMC_CmdAppOperCommand)
    SDMMC_CmdBlockLength                     0x08001ffd   Thumb Code    50  stm32f1xx_ll_sdmmc.o(i.SDMMC_CmdBlockLength)
    SDMMC_CmdGoIdleState                     0x08002031   Thumb Code    76  stm32f1xx_ll_sdmmc.o(i.SDMMC_CmdGoIdleState)
    SDMMC_CmdOperCond                        0x08002081   Thumb Code    98  stm32f1xx_ll_sdmmc.o(i.SDMMC_CmdOperCond)
    SDMMC_CmdReadMultiBlock                  0x080020e9   Thumb Code    50  stm32f1xx_ll_sdmmc.o(i.SDMMC_CmdReadMultiBlock)
    SDMMC_CmdReadSingleBlock                 0x0800211b   Thumb Code    50  stm32f1xx_ll_sdmmc.o(i.SDMMC_CmdReadSingleBlock)
    SDMMC_CmdSelDesel                        0x0800214d   Thumb Code    50  stm32f1xx_ll_sdmmc.o(i.SDMMC_CmdSelDesel)
    SDMMC_CmdSendCID                         0x0800217f   Thumb Code    44  stm32f1xx_ll_sdmmc.o(i.SDMMC_CmdSendCID)
    SDMMC_CmdSendCSD                         0x080021ab   Thumb Code    44  stm32f1xx_ll_sdmmc.o(i.SDMMC_CmdSendCSD)
    SDMMC_CmdSendStatus                      0x080021d7   Thumb Code    50  stm32f1xx_ll_sdmmc.o(i.SDMMC_CmdSendStatus)
    SDMMC_CmdSetRelAdd                       0x08002209   Thumb Code    48  stm32f1xx_ll_sdmmc.o(i.SDMMC_CmdSetRelAdd)
    SDMMC_CmdStopTransfer                    0x08002239   Thumb Code    46  stm32f1xx_ll_sdmmc.o(i.SDMMC_CmdStopTransfer)
    SDMMC_CmdWriteMultiBlock                 0x0800226d   Thumb Code    50  stm32f1xx_ll_sdmmc.o(i.SDMMC_CmdWriteMultiBlock)
    SDMMC_CmdWriteSingleBlock                0x0800229f   Thumb Code    50  stm32f1xx_ll_sdmmc.o(i.SDMMC_CmdWriteSingleBlock)
    SD_initialize                            0x08002719   Thumb Code    26  sd_diskio.o(i.SD_initialize)
    SD_ioctl                                 0x08002739   Thumb Code    74  sd_diskio.o(i.SD_ioctl)
    SD_read                                  0x08002789   Thumb Code    52  sd_diskio.o(i.SD_read)
    SD_status                                0x080027c5   Thumb Code    26  sd_diskio.o(i.SD_status)
    SD_write                                 0x080027e5   Thumb Code    52  sd_diskio.o(i.SD_write)
    SVC_Handler                              0x08002821   Thumb Code     2  stm32f1xx_it.o(i.SVC_Handler)
    SysTick_Handler                          0x08002823   Thumb Code     4  stm32f1xx_it.o(i.SysTick_Handler)
    SystemClock_Config                       0x08002827   Thumb Code    82  main.o(i.SystemClock_Config)
    SystemInit                               0x08002879   Thumb Code    56  system_stm32f1xx.o(i.SystemInit)
    TIM_Base_SetConfig                       0x080028c1   Thumb Code   120  stm32f1xx_hal_tim.o(i.TIM_Base_SetConfig)
    UsageFault_Handler                       0x08002b21   Thumb Code     2  stm32f1xx_it.o(i.UsageFault_Handler)
    __0printf$3                              0x08002b25   Thumb Code    22  printf3.o(i.__0printf$3)
    __1printf$3                              0x08002b25   Thumb Code     0  printf3.o(i.__0printf$3)
    __2printf                                0x08002b25   Thumb Code     0  printf3.o(i.__0printf$3)
    __scatterload_copy                       0x08002b45   Thumb Code    14  handlers.o(i.__scatterload_copy)
    __scatterload_null                       0x08002b53   Thumb Code     2  handlers.o(i.__scatterload_null)
    __scatterload_zeroinit                   0x08002b55   Thumb Code    14  handlers.o(i.__scatterload_zeroinit)
    clust2sect                               0x08002e47   Thumb Code    28  ff.o(i.clust2sect)
    disk_initialize                          0x080035c5   Thumb Code    36  diskio.o(i.disk_initialize)
    disk_ioctl                               0x080035ed   Thumb Code    24  diskio.o(i.disk_ioctl)
    disk_read                                0x08003609   Thumb Code    24  diskio.o(i.disk_read)
    disk_status                              0x08003625   Thumb Code    18  diskio.o(i.disk_status)
    disk_write                               0x0800363d   Thumb Code    24  diskio.o(i.disk_write)
    f_lseek                                  0x08003659   Thumb Code   614  ff.o(i.f_lseek)
    f_mount                                  0x080038c1   Thumb Code    94  ff.o(i.f_mount)
    f_open                                   0x08003925   Thumb Code   492  ff.o(i.f_open)
    f_read                                   0x08003b15   Thumb Code   398  ff.o(i.f_read)
    ff_convert                               0x08003ca5   Thumb Code    52  ccsbcs.o(i.ff_convert)
    ff_wtoupper                              0x08003cdd   Thumb Code    28  ccsbcs.o(i.ff_wtoupper)
    fputc                                    0x08003fd9   Thumb Code    18  main.o(i.fputc)
    get_fat                                  0x08004071   Thumb Code   230  ff.o(i.get_fat)
    get_fattime                              0x08004157   Thumb Code     4  fatfs.o(i.get_fattime)
    main                                     0x08004249   Thumb Code   436  main.o(i.main)
    put_fat                                  0x08004501   Thumb Code   286  ff.o(i.put_fat)
    AHBPrescTable                            0x0800472a   Data          16  system_stm32f1xx.o(.constdata)
    APBPrescTable                            0x0800473a   Data           8  system_stm32f1xx.o(.constdata)
    SD_Driver                                0x08004cbc   Data          20  sd_diskio.o(.constdata)
    Region$$Table$$Base                      0x08004cd0   Number         0  anon$$obj.o(Region$$Table)
    Region$$Table$$Limit                     0x08004cf0   Number         0  anon$$obj.o(Region$$Table)
    fresult                                  0x20000003   Data           1  main.o(.data)
    readByte                                 0x20000008   Data           4  main.o(.data)
    file3Path                                0x20000020   Data          14  main.o(.data)
    retSD                                    0x2000002e   Data           1  fatfs.o(.data)
    SDPath                                   0x2000002f   Data           4  fatfs.o(.data)
    uwTickFreq                               0x20000034   Data           1  stm32f1xx_hal.o(.data)
    uwTickPrio                               0x20000038   Data           4  stm32f1xx_hal.o(.data)
    uwTick                                   0x2000003c   Data           4  stm32f1xx_hal.o(.data)
    SystemCoreClock                          0x20000040   Data           4  system_stm32f1xx.o(.data)
    __stdout                                 0x20000050   Data           4  stdout.o(.data)
    hdac                                     0x20000054   Data          20  main.o(.bss)
    hsd                                      0x20000068   Data         132  main.o(.bss)
    htim6                                    0x200000ec   Data          64  main.o(.bss)
    huart1                                   0x2000012c   Data          64  main.o(.bss)
    myFATFS                                  0x2000016c   Data        4144  main.o(.bss)
    myFILE                                   0x2000119c   Data        4140  main.o(.bss)
    hdma_dac_ch1                             0x200025c8   Data          68  main.o(.bss)
    disk                                     0x20002824   Data          12  ff_gen_drv.o(.bss)
    __initial_sp                             0x20006830   Data           0  startup_stm32f103xe.o(STACK)



==============================================================================

Memory Map of the image

  Image Entry point : 0x08000131

  Load Region LR_IROM1 (Base: 0x08000000, Size: 0x00004d44, Max: 0x00040000, ABSOLUTE)

    Execution Region ER_IROM1 (Exec base: 0x08000000, Load base: 0x08000000, Size: 0x00004cf0, Max: 0x00040000, ABSOLUTE)

    Exec Addr    Load Addr    Size         Type   Attr      Idx    E Section Name        Object

    0x08000000   0x08000000   0x00000130   Data   RO            3    RESET               startup_stm32f103xe.o
    0x08000130   0x08000130   0x00000000   Code   RO         3978  * .ARM.Collect$$$$00000000  mc_w.l(entry.o)
    0x08000130   0x08000130   0x00000004   Code   RO         4246    .ARM.Collect$$$$00000001  mc_w.l(entry2.o)
    0x08000134   0x08000134   0x00000004   Code   RO         4249    .ARM.Collect$$$$00000004  mc_w.l(entry5.o)
    0x08000138   0x08000138   0x00000000   Code   RO         4251    .ARM.Collect$$$$00000008  mc_w.l(entry7b.o)
    0x08000138   0x08000138   0x00000000   Code   RO         4253    .ARM.Collect$$$$0000000A  mc_w.l(entry8b.o)
    0x08000138   0x08000138   0x00000008   Code   RO         4254    .ARM.Collect$$$$0000000B  mc_w.l(entry9a.o)
    0x08000140   0x08000140   0x00000000   Code   RO         4256    .ARM.Collect$$$$0000000D  mc_w.l(entry10a.o)
    0x08000140   0x08000140   0x00000000   Code   RO         4258    .ARM.Collect$$$$0000000F  mc_w.l(entry11a.o)
    0x08000140   0x08000140   0x00000004   Code   RO         4247    .ARM.Collect$$$$00002712  mc_w.l(entry2.o)
    0x08000144   0x08000144   0x00000024   Code   RO            4    .text               startup_stm32f103xe.o
    0x08000168   0x08000168   0x00000024   Code   RO         3983    .text               mc_w.l(memseta.o)
    0x0800018c   0x0800018c   0x0000002c   Code   RO         4261    .text               mc_w.l(uidiv.o)
    0x080001b8   0x080001b8   0x00000024   Code   RO         4276    .text               mc_w.l(init.o)
    0x080001dc   0x080001dc   0x00000002   Code   RO          206    i.BSP_SD_AbortCallback  bsp_driver_sd.o
    0x080001de   0x080001de   0x00000002   PAD
    0x080001e0   0x080001e0   0x0000000c   Code   RO          212    i.BSP_SD_GetCardInfo  bsp_driver_sd.o
    0x080001ec   0x080001ec   0x00000018   Code   RO          213    i.BSP_SD_GetCardState  bsp_driver_sd.o
    0x08000204   0x08000204   0x00000024   Code   RO          216    i.BSP_SD_Init       bsp_driver_sd.o
    0x08000228   0x08000228   0x00000020   Code   RO          218    i.BSP_SD_ReadBlocks  bsp_driver_sd.o
    0x08000248   0x08000248   0x00000002   Code   RO          220    i.BSP_SD_ReadCpltCallback  bsp_driver_sd.o
    0x0800024a   0x0800024a   0x00000002   PAD
    0x0800024c   0x0800024c   0x00000020   Code   RO          221    i.BSP_SD_WriteBlocks  bsp_driver_sd.o
    0x0800026c   0x0800026c   0x00000002   Code   RO          223    i.BSP_SD_WriteCpltCallback  bsp_driver_sd.o
    0x0800026e   0x0800026e   0x00000002   Code   RO          388    i.BusFault_Handler  stm32f1xx_it.o
    0x08000270   0x08000270   0x00000010   Code   RO          585    i.DAC_DMAConvCpltCh1  stm32f1xx_hal_dac.o
    0x08000280   0x08000280   0x00000010   Code   RO          717    i.DAC_DMAConvCpltCh2  stm32f1xx_hal_dac_ex.o
    0x08000290   0x08000290   0x00000018   Code   RO          586    i.DAC_DMAErrorCh1   stm32f1xx_hal_dac.o
    0x080002a8   0x080002a8   0x00000018   Code   RO          718    i.DAC_DMAErrorCh2   stm32f1xx_hal_dac_ex.o
    0x080002c0   0x080002c0   0x0000000a   Code   RO          587    i.DAC_DMAHalfConvCpltCh1  stm32f1xx_hal_dac.o
    0x080002ca   0x080002ca   0x0000000a   Code   RO          719    i.DAC_DMAHalfConvCpltCh2  stm32f1xx_hal_dac_ex.o
    0x080002d4   0x080002d4   0x0000000c   Code   RO          389    i.DMA2_Channel3_IRQHandler  stm32f1xx_it.o
    0x080002e0   0x080002e0   0x0000002a   Code   RO         2850    i.DMA_SetConfig     stm32f1xx_hal_dma.o
    0x0800030a   0x0800030a   0x00000002   Code   RO          390    i.DebugMon_Handler  stm32f1xx_it.o
    0x0800030c   0x0800030c   0x00000002   Code   RO           13    i.Error_Handler     main.o
    0x0800030e   0x0800030e   0x00000006   Code   RO         3809    i.FATFS_LinkDriver  ff_gen_drv.o
    0x08000314   0x08000314   0x00000040   Code   RO         3810    i.FATFS_LinkDriverEx  ff_gen_drv.o
    0x08000354   0x08000354   0x00000002   Code   RO          720    i.HAL_DACEx_ConvCpltCallbackCh2  stm32f1xx_hal_dac_ex.o
    0x08000356   0x08000356   0x00000002   Code   RO          721    i.HAL_DACEx_ConvHalfCpltCallbackCh2  stm32f1xx_hal_dac_ex.o
    0x08000358   0x08000358   0x00000002   Code   RO          724    i.HAL_DACEx_ErrorCallbackCh2  stm32f1xx_hal_dac_ex.o
    0x0800035a   0x0800035a   0x00000042   Code   RO          588    i.HAL_DAC_ConfigChannel  stm32f1xx_hal_dac.o
    0x0800039c   0x0800039c   0x00000024   Code   RO           14    i.HAL_DAC_ConvCpltCallbackCh1  main.o
    0x080003c0   0x080003c0   0x00000024   Code   RO           15    i.HAL_DAC_ConvHalfCpltCallbackCh1  main.o
    0x080003e4   0x080003e4   0x00000002   Code   RO          592    i.HAL_DAC_ErrorCallbackCh1  stm32f1xx_hal_dac.o
    0x080003e6   0x080003e6   0x00000028   Code   RO          596    i.HAL_DAC_Init      stm32f1xx_hal_dac.o
    0x0800040e   0x0800040e   0x00000002   PAD
    0x08000410   0x08000410   0x0000008c   Code   RO          477    i.HAL_DAC_MspInit   stm32f1xx_hal_msp.o
    0x0800049c   0x0800049c   0x000000ec   Code   RO          601    i.HAL_DAC_Start_DMA  stm32f1xx_hal_dac.o
    0x08000588   0x08000588   0x00000038   Code   RO          603    i.HAL_DAC_Stop_DMA  stm32f1xx_hal_dac.o
    0x080005c0   0x080005c0   0x00000030   Code   RO         2851    i.HAL_DMA_Abort     stm32f1xx_hal_dma.o
    0x080005f0   0x080005f0   0x00000130   Code   RO         2852    i.HAL_DMA_Abort_IT  stm32f1xx_hal_dma.o
    0x08000720   0x08000720   0x00000248   Code   RO         2856    i.HAL_DMA_IRQHandler  stm32f1xx_hal_dma.o
    0x08000968   0x08000968   0x0000007c   Code   RO         2857    i.HAL_DMA_Init      stm32f1xx_hal_dma.o
    0x080009e4   0x080009e4   0x00000070   Code   RO         2861    i.HAL_DMA_Start_IT  stm32f1xx_hal_dma.o
    0x08000a54   0x08000a54   0x00000024   Code   RO         2491    i.HAL_Delay         stm32f1xx_hal.o
    0x08000a78   0x08000a78   0x000001e8   Code   RO         2787    i.HAL_GPIO_Init     stm32f1xx_hal_gpio.o
    0x08000c60   0x08000c60   0x0000000a   Code   RO         2791    i.HAL_GPIO_WritePin  stm32f1xx_hal_gpio.o
    0x08000c6a   0x08000c6a   0x00000002   PAD
    0x08000c6c   0x08000c6c   0x0000000c   Code   RO         2495    i.HAL_GetTick       stm32f1xx_hal.o
    0x08000c78   0x08000c78   0x00000010   Code   RO         2499    i.HAL_IncTick       stm32f1xx_hal.o
    0x08000c88   0x08000c88   0x00000024   Code   RO         2500    i.HAL_Init          stm32f1xx_hal.o
    0x08000cac   0x08000cac   0x00000040   Code   RO         2501    i.HAL_InitTick      stm32f1xx_hal.o
    0x08000cec   0x08000cec   0x0000003c   Code   RO          478    i.HAL_MspInit       stm32f1xx_hal_msp.o
    0x08000d28   0x08000d28   0x00000016   Code   RO         2947    i.HAL_NVIC_EnableIRQ  stm32f1xx_hal_cortex.o
    0x08000d3e   0x08000d3e   0x00000002   PAD
    0x08000d40   0x08000d40   0x00000040   Code   RO         2953    i.HAL_NVIC_SetPriority  stm32f1xx_hal_cortex.o
    0x08000d80   0x08000d80   0x00000024   Code   RO         2954    i.HAL_NVIC_SetPriorityGrouping  stm32f1xx_hal_cortex.o
    0x08000da4   0x08000da4   0x0000016c   Code   RO         2647    i.HAL_RCC_ClockConfig  stm32f1xx_hal_rcc.o
    0x08000f10   0x08000f10   0x00000020   Code   RO         2654    i.HAL_RCC_GetPCLK1Freq  stm32f1xx_hal_rcc.o
    0x08000f30   0x08000f30   0x00000020   Code   RO         2655    i.HAL_RCC_GetPCLK2Freq  stm32f1xx_hal_rcc.o
    0x08000f50   0x08000f50   0x0000006c   Code   RO         2656    i.HAL_RCC_GetSysClockFreq  stm32f1xx_hal_rcc.o
    0x08000fbc   0x08000fbc   0x00000304   Code   RO         2659    i.HAL_RCC_OscConfig  stm32f1xx_hal_rcc.o
    0x080012c0   0x080012c0   0x00000008   Code   RO          224    i.HAL_SD_AbortCallback  bsp_driver_sd.o
    0x080012c8   0x080012c8   0x00000002   Code   RO         1065    i.HAL_SD_ErrorCallback  stm32f1xx_hal_sd.o
    0x080012ca   0x080012ca   0x000001da   Code   RO         1067    i.HAL_SD_GetCardCSD  stm32f1xx_hal_sd.o
    0x080014a4   0x080014a4   0x00000024   Code   RO         1068    i.HAL_SD_GetCardInfo  stm32f1xx_hal_sd.o
    0x080014c8   0x080014c8   0x0000002c   Code   RO         1069    i.HAL_SD_GetCardState  stm32f1xx_hal_sd.o
    0x080014f4   0x080014f4   0x000001c0   Code   RO         1073    i.HAL_SD_IRQHandler  stm32f1xx_hal_sd.o
    0x080016b4   0x080016b4   0x00000036   Code   RO         1074    i.HAL_SD_Init       stm32f1xx_hal_sd.o
    0x080016ea   0x080016ea   0x00000002   PAD
    0x080016ec   0x080016ec   0x00000054   Code   RO         1075    i.HAL_SD_InitCard   stm32f1xx_hal_sd.o
    0x08001740   0x08001740   0x00000094   Code   RO          480    i.HAL_SD_MspInit    stm32f1xx_hal_msp.o
    0x080017d4   0x080017d4   0x000001b2   Code   RO         1078    i.HAL_SD_ReadBlocks  stm32f1xx_hal_sd.o
    0x08001986   0x08001986   0x00000008   Code   RO          225    i.HAL_SD_RxCpltCallback  bsp_driver_sd.o
    0x0800198e   0x0800198e   0x00000008   Code   RO          226    i.HAL_SD_TxCpltCallback  bsp_driver_sd.o
    0x08001996   0x08001996   0x00000002   PAD
    0x08001998   0x08001998   0x0000019a   Code   RO         1083    i.HAL_SD_WriteBlocks  stm32f1xx_hal_sd.o
    0x08001b32   0x08001b32   0x00000028   Code   RO         2958    i.HAL_SYSTICK_Config  stm32f1xx_hal_cortex.o
    0x08001b5a   0x08001b5a   0x00000050   Code   RO         1942    i.HAL_TIMEx_MasterConfigSynchronization  stm32f1xx_hal_tim_ex.o
    0x08001baa   0x08001baa   0x00000036   Code   RO         1296    i.HAL_TIM_Base_Init  stm32f1xx_hal_tim.o
    0x08001be0   0x08001be0   0x00000028   Code   RO          482    i.HAL_TIM_Base_MspInit  stm32f1xx_hal_msp.o
    0x08001c08   0x08001c08   0x0000001a   Code   RO         1299    i.HAL_TIM_Base_Start  stm32f1xx_hal_tim.o
    0x08001c22   0x08001c22   0x00000062   Code   RO         2183    i.HAL_UART_Init     stm32f1xx_hal_uart.o
    0x08001c84   0x08001c84   0x00000070   Code   RO          484    i.HAL_UART_MspInit  stm32f1xx_hal_msp.o
    0x08001cf4   0x08001cf4   0x000000ba   Code   RO         2191    i.HAL_UART_Transmit  stm32f1xx_hal_uart.o
    0x08001dae   0x08001dae   0x00000002   Code   RO          391    i.HardFault_Handler  stm32f1xx_it.o
    0x08001db0   0x08001db0   0x0000001c   Code   RO          350    i.MX_FATFS_Init     fatfs.o
    0x08001dcc   0x08001dcc   0x00000070   Code   RO           16    i.MX_GPIO_Init      main.o
    0x08001e3c   0x08001e3c   0x00000002   Code   RO          392    i.MemManage_Handler  stm32f1xx_it.o
    0x08001e3e   0x08001e3e   0x00000002   Code   RO          393    i.NMI_Handler       stm32f1xx_it.o
    0x08001e40   0x08001e40   0x00000020   Code   RO         2960    i.NVIC_SetPriority  stm32f1xx_hal_cortex.o
    0x08001e60   0x08001e60   0x00000002   Code   RO          394    i.PendSV_Handler    stm32f1xx_it.o
    0x08001e62   0x08001e62   0x00000002   PAD
    0x08001e64   0x08001e64   0x00000090   Code   RO           17    i.Process_Data      main.o
    0x08001ef4   0x08001ef4   0x00000024   Code   RO          795    i.SDIO_ConfigData   stm32f1xx_ll_sdmmc.o
    0x08001f18   0x08001f18   0x00000008   Code   RO          799    i.SDIO_GetPowerState  stm32f1xx_ll_sdmmc.o
    0x08001f20   0x08001f20   0x0000000c   Code   RO          800    i.SDIO_GetResponse  stm32f1xx_ll_sdmmc.o
    0x08001f2c   0x08001f2c   0x0000000c   Code   RO          395    i.SDIO_IRQHandler   stm32f1xx_it.o
    0x08001f38   0x08001f38   0x00000024   Code   RO          801    i.SDIO_Init         stm32f1xx_ll_sdmmc.o
    0x08001f5c   0x08001f5c   0x00000008   Code   RO          803    i.SDIO_PowerState_ON  stm32f1xx_ll_sdmmc.o
    0x08001f64   0x08001f64   0x00000006   Code   RO          804    i.SDIO_ReadFIFO     stm32f1xx_ll_sdmmc.o
    0x08001f6a   0x08001f6a   0x00000020   Code   RO          805    i.SDIO_SendCommand  stm32f1xx_ll_sdmmc.o
    0x08001f8a   0x08001f8a   0x0000000a   Code   RO          807    i.SDIO_WriteFIFO    stm32f1xx_ll_sdmmc.o
    0x08001f94   0x08001f94   0x00000032   Code   RO          808    i.SDMMC_CmdAppCommand  stm32f1xx_ll_sdmmc.o
    0x08001fc6   0x08001fc6   0x00000002   PAD
    0x08001fc8   0x08001fc8   0x00000034   Code   RO          809    i.SDMMC_CmdAppOperCommand  stm32f1xx_ll_sdmmc.o
    0x08001ffc   0x08001ffc   0x00000032   Code   RO          810    i.SDMMC_CmdBlockLength  stm32f1xx_ll_sdmmc.o
    0x0800202e   0x0800202e   0x00000002   PAD
    0x08002030   0x08002030   0x00000050   Code   RO          815    i.SDMMC_CmdGoIdleState  stm32f1xx_ll_sdmmc.o
    0x08002080   0x08002080   0x00000068   Code   RO          817    i.SDMMC_CmdOperCond  stm32f1xx_ll_sdmmc.o
    0x080020e8   0x080020e8   0x00000032   Code   RO          818    i.SDMMC_CmdReadMultiBlock  stm32f1xx_ll_sdmmc.o
    0x0800211a   0x0800211a   0x00000032   Code   RO          819    i.SDMMC_CmdReadSingleBlock  stm32f1xx_ll_sdmmc.o
    0x0800214c   0x0800214c   0x00000032   Code   RO          822    i.SDMMC_CmdSelDesel  stm32f1xx_ll_sdmmc.o
    0x0800217e   0x0800217e   0x0000002c   Code   RO          823    i.SDMMC_CmdSendCID  stm32f1xx_ll_sdmmc.o
    0x080021aa   0x080021aa   0x0000002c   Code   RO          824    i.SDMMC_CmdSendCSD  stm32f1xx_ll_sdmmc.o
    0x080021d6   0x080021d6   0x00000032   Code   RO          826    i.SDMMC_CmdSendStatus  stm32f1xx_ll_sdmmc.o
    0x08002208   0x08002208   0x00000030   Code   RO          827    i.SDMMC_CmdSetRelAdd  stm32f1xx_ll_sdmmc.o
    0x08002238   0x08002238   0x00000034   Code   RO          829    i.SDMMC_CmdStopTransfer  stm32f1xx_ll_sdmmc.o
    0x0800226c   0x0800226c   0x00000032   Code   RO          831    i.SDMMC_CmdWriteMultiBlock  stm32f1xx_ll_sdmmc.o
    0x0800229e   0x0800229e   0x00000032   Code   RO          832    i.SDMMC_CmdWriteSingleBlock  stm32f1xx_ll_sdmmc.o
    0x080022d0   0x080022d0   0x0000011c   Code   RO          833    i.SDMMC_GetCmdResp1  stm32f1xx_ll_sdmmc.o
    0x080023ec   0x080023ec   0x00000050   Code   RO          834    i.SDMMC_GetCmdResp2  stm32f1xx_ll_sdmmc.o
    0x0800243c   0x0800243c   0x00000040   Code   RO          835    i.SDMMC_GetCmdResp3  stm32f1xx_ll_sdmmc.o
    0x0800247c   0x0800247c   0x00000084   Code   RO          836    i.SDMMC_GetCmdResp6  stm32f1xx_ll_sdmmc.o
    0x08002500   0x08002500   0x00000048   Code   RO         1088    i.SD_DMARxAbort     stm32f1xx_hal_sd.o
    0x08002548   0x08002548   0x00000048   Code   RO         1090    i.SD_DMATxAbort     stm32f1xx_hal_sd.o
    0x08002590   0x08002590   0x000000e6   Code   RO         1092    i.SD_InitCard       stm32f1xx_hal_sd.o
    0x08002676   0x08002676   0x000000a2   Code   RO         1093    i.SD_PowerON        stm32f1xx_hal_sd.o
    0x08002718   0x08002718   0x00000020   Code   RO         3922    i.SD_initialize     sd_diskio.o
    0x08002738   0x08002738   0x00000050   Code   RO         3923    i.SD_ioctl          sd_diskio.o
    0x08002788   0x08002788   0x0000003c   Code   RO         3924    i.SD_read           sd_diskio.o
    0x080027c4   0x080027c4   0x00000020   Code   RO         3925    i.SD_status         sd_diskio.o
    0x080027e4   0x080027e4   0x0000003c   Code   RO         3926    i.SD_write          sd_diskio.o
    0x08002820   0x08002820   0x00000002   Code   RO          396    i.SVC_Handler       stm32f1xx_it.o
    0x08002822   0x08002822   0x00000004   Code   RO          397    i.SysTick_Handler   stm32f1xx_it.o
    0x08002826   0x08002826   0x00000052   Code   RO           18    i.SystemClock_Config  main.o
    0x08002878   0x08002878   0x00000048   Code   RO         3376    i.SystemInit        system_stm32f1xx.o
    0x080028c0   0x080028c0   0x0000008c   Code   RO         1380    i.TIM_Base_SetConfig  stm32f1xx_hal_tim.o
    0x0800294c   0x0800294c   0x00000170   Code   RO         2209    i.UART_SetConfig    stm32f1xx_hal_uart.o
    0x08002abc   0x08002abc   0x00000064   Code   RO         2211    i.UART_WaitOnFlagUntilTimeout  stm32f1xx_hal_uart.o
    0x08002b20   0x08002b20   0x00000002   Code   RO          398    i.UsageFault_Handler  stm32f1xx_it.o
    0x08002b22   0x08002b22   0x00000002   PAD
    0x08002b24   0x08002b24   0x00000020   Code   RO         4074    i.__0printf$3       mc_w.l(printf3.o)
    0x08002b44   0x08002b44   0x0000000e   Code   RO         4286    i.__scatterload_copy  mc_w.l(handlers.o)
    0x08002b52   0x08002b52   0x00000002   Code   RO         4287    i.__scatterload_null  mc_w.l(handlers.o)
    0x08002b54   0x08002b54   0x0000000e   Code   RO         4288    i.__scatterload_zeroinit  mc_w.l(handlers.o)
    0x08002b62   0x08002b62   0x00000002   PAD
    0x08002b64   0x08002b64   0x000001b8   Code   RO         4081    i._printf_core      mc_w.l(printf3.o)
    0x08002d1c   0x08002d1c   0x00000060   Code   RO         3468    i.check_fs          ff.o
    0x08002d7c   0x08002d7c   0x00000010   Code   RO         3469    i.chk_chr           ff.o
    0x08002d8c   0x08002d8c   0x00000068   Code   RO         3470    i.chk_lock          ff.o
    0x08002df4   0x08002df4   0x00000024   Code   RO         3471    i.clear_lock        ff.o
    0x08002e18   0x08002e18   0x0000002e   Code   RO         3472    i.clmt_clust        ff.o
    0x08002e46   0x08002e46   0x0000001c   Code   RO         3473    i.clust2sect        ff.o
    0x08002e62   0x08002e62   0x000000a4   Code   RO         3474    i.create_chain      ff.o
    0x08002f06   0x08002f06   0x00000002   PAD
    0x08002f08   0x08002f08   0x00000204   Code   RO         3475    i.create_name       ff.o
    0x0800310c   0x0800310c   0x00000140   Code   RO         3477    i.dir_find          ff.o
    0x0800324c   0x0800324c   0x0000011c   Code   RO         3478    i.dir_next          ff.o
    0x08003368   0x08003368   0x000001c0   Code   RO         3480    i.dir_register      ff.o
    0x08003528   0x08003528   0x0000009a   Code   RO         3482    i.dir_sdi           ff.o
    0x080035c2   0x080035c2   0x00000002   PAD
    0x080035c4   0x080035c4   0x00000028   Code   RO         3413    i.disk_initialize   diskio.o
    0x080035ec   0x080035ec   0x0000001c   Code   RO         3414    i.disk_ioctl        diskio.o
    0x08003608   0x08003608   0x0000001c   Code   RO         3415    i.disk_read         diskio.o
    0x08003624   0x08003624   0x00000018   Code   RO         3416    i.disk_status       diskio.o
    0x0800363c   0x0800363c   0x0000001c   Code   RO         3417    i.disk_write        diskio.o
    0x08003658   0x08003658   0x00000266   Code   RO         3488    i.f_lseek           ff.o
    0x080038be   0x080038be   0x00000002   PAD
    0x080038c0   0x080038c0   0x00000064   Code   RO         3491    i.f_mount           ff.o
    0x08003924   0x08003924   0x000001f0   Code   RO         3492    i.f_open            ff.o
    0x08003b14   0x08003b14   0x0000018e   Code   RO         3497    i.f_read            ff.o
    0x08003ca2   0x08003ca2   0x00000002   PAD
    0x08003ca4   0x08003ca4   0x00000038   Code   RO         3890    i.ff_convert        ccsbcs.o
    0x08003cdc   0x08003cdc   0x00000024   Code   RO         3891    i.ff_wtoupper       ccsbcs.o
    0x08003d00   0x08003d00   0x0000026c   Code   RO         3506    i.find_volume       ff.o
    0x08003f6c   0x08003f6c   0x0000006a   Code   RO         3507    i.follow_path       ff.o
    0x08003fd6   0x08003fd6   0x00000002   PAD
    0x08003fd8   0x08003fd8   0x00000018   Code   RO           19    i.fputc             main.o
    0x08003ff0   0x08003ff0   0x00000080   Code   RO         3508    i.gen_numname       ff.o
    0x08004070   0x08004070   0x000000e6   Code   RO         3509    i.get_fat           ff.o
    0x08004156   0x08004156   0x00000004   Code   RO          351    i.get_fattime       fatfs.o
    0x0800415a   0x0800415a   0x0000003c   Code   RO         3511    i.get_ldnumber      ff.o
    0x08004196   0x08004196   0x00000002   PAD
    0x08004198   0x08004198   0x00000098   Code   RO         3512    i.inc_lock          ff.o
    0x08004230   0x08004230   0x00000016   Code   RO         3513    i.ld_clust          ff.o
    0x08004246   0x08004246   0x00000002   PAD
    0x08004248   0x08004248   0x00000260   Code   RO           20    i.main              main.o
    0x080044a8   0x080044a8   0x00000012   Code   RO         3514    i.mem_cpy           ff.o
    0x080044ba   0x080044ba   0x0000000e   Code   RO         3515    i.mem_set           ff.o
    0x080044c8   0x080044c8   0x00000038   Code   RO         3516    i.move_window       ff.o
    0x08004500   0x08004500   0x0000011e   Code   RO         3517    i.put_fat           ff.o
    0x0800461e   0x0800461e   0x00000066   Code   RO         3519    i.remove_chain      ff.o
    0x08004684   0x08004684   0x00000010   Code   RO         3520    i.st_clust          ff.o
    0x08004694   0x08004694   0x0000001a   Code   RO         3521    i.sum_sfn           ff.o
    0x080046ae   0x080046ae   0x00000052   Code   RO         3523    i.sync_window       ff.o
    0x08004700   0x08004700   0x0000002a   Code   RO         3524    i.validate          ff.o
    0x0800472a   0x0800472a   0x00000010   Data   RO         3377    .constdata          system_stm32f1xx.o
    0x0800473a   0x0800473a   0x00000008   Data   RO         3378    .constdata          system_stm32f1xx.o
    0x08004742   0x08004742   0x000000ba   Data   RO         3526    .constdata          ff.o
    0x080047fc   0x080047fc   0x000004c0   Data   RO         3892    .constdata          ccsbcs.o
    0x08004cbc   0x08004cbc   0x00000014   Data   RO         3927    .constdata          sd_diskio.o
    0x08004cd0   0x08004cd0   0x00000020   Data   RO         4284    Region$$Table       anon$$obj.o


    Execution Region RW_IRAM1 (Exec base: 0x20000000, Load base: 0x08004cf0, Size: 0x00006830, Max: 0x0000c000, ABSOLUTE)

    Exec Addr    Load Addr    Size         Type   Attr      Idx    E Section Name        Object

    0x20000000   0x08004cf0   0x0000002e   Data   RW           23    .data               main.o
    0x2000002e   0x08004d1e   0x00000005   Data   RW          354    .data               fatfs.o
    0x20000033   0x08004d23   0x00000001   PAD
    0x20000034   0x08004d24   0x0000000c   Data   RW         2507    .data               stm32f1xx_hal.o
    0x20000040   0x08004d30   0x00000004   Data   RW         3379    .data               system_stm32f1xx.o
    0x20000044   0x08004d34   0x00000008   Data   RW         3527    .data               ff.o
    0x2000004c   0x08004d3c   0x00000001   Data   RW         3928    .data               sd_diskio.o
    0x2000004d   0x08004d3d   0x00000003   PAD
    0x20000050   0x08004d40   0x00000004   Data   RW         4260    .data               mc_w.l(stdout.o)
    0x20000054        -       0x00002574   Zero   RW           21    .bss                main.o
    0x200025c8        -       0x00000044   Zero   RW           22    .bss                main.o
    0x2000260c        -       0x00000218   Zero   RW         3525    .bss                ff.o
    0x20002824        -       0x0000000c   Zero   RW         3813    .bss                ff_gen_drv.o
    0x20002830        -       0x00004000   Zero   RW            1    STACK               startup_stm32f103xe.o


==============================================================================

Image component sizes


      Code (inc. data)   RO Data    RW Data    ZI Data      Debug   Object Name

       166         26          0          0          0       5993   bsp_driver_sd.o
        92         12       1216          0          0       1955   ccsbcs.o
       148         22          0          0          0       3537   diskio.o
        32         10          0          5          0       1400   fatfs.o
      5780         84        186          8        536      35276   ff.o
        70          4          0          0         12       1559   ff_gen_drv.o
      1044        216          0         46       9656     512010   main.o
       264         34         20          1          0       4316   sd_diskio.o
        36          8        304          0      16384        796   startup_stm32f103xe.o
       164         28          0         12          0       6453   stm32f1xx_hal.o
       194         14          0          0          0      25715   stm32f1xx_hal_cortex.o
       450         26          0          0          0       5813   stm32f1xx_hal_dac.o
        56          0          0          0          0       3697   stm32f1xx_hal_dac_ex.o
      1214         52          0          0          0       4982   stm32f1xx_hal_dma.o
       498         42          0          0          0       2868   stm32f1xx_hal_gpio.o
       500         70          0          0          0       3538   stm32f1xx_hal_msp.o
      1308         98          0          0          0       5180   stm32f1xx_hal_rcc.o
      2522         14          0          0          0      12547   stm32f1xx_hal_sd.o
       220         20          0          0          0       3206   stm32f1xx_hal_tim.o
        80          0          0          0          0       1260   stm32f1xx_hal_tim_ex.o
       752          4          0          0          0       3884   stm32f1xx_hal_uart.o
        44         12          0          0          0       4567   stm32f1xx_it.o
      1532         42          0          0          0      20188   stm32f1xx_ll_sdmmc.o
         0          0          0          0          0        512   syscall.o
        72         16         24          4          0       1139   system_stm32f1xx.o

    ----------------------------------------------------------------------
     17274        854       1782         80      26588     672391   Object Totals
         0          0         32          0          0          0   (incl. Generated)
        36          0          0          4          0          0   (incl. Padding)

    ----------------------------------------------------------------------

      Code (inc. data)   RO Data    RW Data    ZI Data      Debug   Library Member Name

         0          0          0          0          0          0   entry.o
         0          0          0          0          0          0   entry10a.o
         0          0          0          0          0          0   entry11a.o
         8          4          0          0          0          0   entry2.o
         4          0          0          0          0          0   entry5.o
         0          0          0          0          0          0   entry7b.o
         0          0          0          0          0          0   entry8b.o
         8          4          0          0          0          0   entry9a.o
        30          0          0          0          0          0   handlers.o
        36          8          0          0          0         68   init.o
        36          0          0          0          0        108   memseta.o
       472         14          0          0          0        184   printf3.o
         0          0          0          4          0          0   stdout.o
        44          0          0          0          0         80   uidiv.o

    ----------------------------------------------------------------------
       640         30          0          4          0        440   Library Totals
         2          0          0          0          0          0   (incl. Padding)

    ----------------------------------------------------------------------

      Code (inc. data)   RO Data    RW Data    ZI Data      Debug   Library Name

       638         30          0          4          0        440   mc_w.l

    ----------------------------------------------------------------------
       640         30          0          4          0        440   Library Totals

    ----------------------------------------------------------------------

==============================================================================


      Code (inc. data)   RO Data    RW Data    ZI Data      Debug   

     17914        884       1782         84      26588     664351   Grand Totals
     17914        884       1782         84      26588     664351   ELF Image Totals
     17914        884       1782         84          0          0   ROM Totals

==============================================================================

    Total RO  Size (Code + RO Data)                19696 (  19.23kB)
    Total RW  Size (RW Data + ZI Data)             26672 (  26.05kB)
    Total ROM Size (Code + RO Data + RW Data)      19780 (  19.32kB)

==============================================================================

